CRITICAL - 2025-11-19 10:36:31 --> Invalid file: "navbar.php"
in SYSTEMPATH\Exceptions\FrameworkException.php on line 33.
 1 SYSTEMPATH\View\View.php(201): CodeIgniter\Exceptions\FrameworkException::forInvalidFile('navbar.php')
 2 SYSTEMPATH\Common.php(1184): CodeIgniter\View\View->render('navbar', [], true)
 3 APPPATH\Controllers\Email.php(39): view('navbar', [...])
 4 SYSTEMPATH\CodeIgniter.php(934): App\Controllers\Email->send_message()
 5 SYSTEMPATH\CodeIgniter.php(499): CodeIgniter\CodeIgniter->runController(Object(App\Controllers\Email))
 6 SYSTEMPATH\CodeIgniter.php(368): CodeIgniter\CodeIgniter->handleRequest(null, Object(Config\Cache), false)
 7 FCPATH\index.php(70): CodeIgniter\CodeIgniter->run()
CRITICAL - 2025-11-19 10:38:06 --> Invalid file: "email/send_message.php"
in SYSTEMPATH\Exceptions\FrameworkException.php on line 33.
 1 SYSTEMPATH\View\View.php(201): CodeIgniter\Exceptions\FrameworkException::forInvalidFile('email/send_message.php')
 2 SYSTEMPATH\Common.php(1184): CodeIgniter\View\View->render('email/send_message', [], true)
 3 APPPATH\Controllers\Email.php(41): view('email/send_message')
 4 SYSTEMPATH\CodeIgniter.php(934): App\Controllers\Email->send_message()
 5 SYSTEMPATH\CodeIgniter.php(499): CodeIgniter\CodeIgniter->runController(Object(App\Controllers\Email))
 6 SYSTEMPATH\CodeIgniter.php(368): CodeIgniter\CodeIgniter->handleRequest(null, Object(Config\Cache), false)
 7 FCPATH\index.php(70): CodeIgniter\CodeIgniter->run()
CRITICAL - 2025-11-19 10:41:11 --> Invalid file: "email/send_message.php"
in SYSTEMPATH\Exceptions\FrameworkException.php on line 33.
 1 SYSTEMPATH\View\View.php(201): CodeIgniter\Exceptions\FrameworkException::forInvalidFile('email/send_message.php')
 2 SYSTEMPATH\Common.php(1184): CodeIgniter\View\View->render('email/send_message', [], true)
 3 APPPATH\Controllers\Email.php(41): view('email/send_message')
 4 SYSTEMPATH\CodeIgniter.php(934): App\Controllers\Email->send_message()
 5 SYSTEMPATH\CodeIgniter.php(499): CodeIgniter\CodeIgniter->runController(Object(App\Controllers\Email))
 6 SYSTEMPATH\CodeIgniter.php(368): CodeIgniter\CodeIgniter->handleRequest(null, Object(Config\Cache), false)
 7 FCPATH\index.php(70): CodeIgniter\CodeIgniter->run()
