WARNING - 2026-01-22 08:35:51 --> [DEPRECATED] Creation of dynamic property CodeIgniter\View\View::$gfa_model is deprecated in APPPATH\Views\nav_new.php on line 5.
 1 SYSTEMPATH\View\View.php(234): include('C:\\xampp\\htdocs\\Communified-frontend\\portal\\app\\Views\\nav_new.php')
 2 SYSTEMPATH\View\View.php(237): CodeIgniter\View\View->CodeIgniter\View\{closure}()
 3 SYSTEMPATH\Common.php(1169): CodeIgniter\View\View->render('nav_new', [], true)
 4 APPPATH\Controllers\Gfa.php(5674): view('nav_new', [...])
 5 SYSTEMPATH\CodeIgniter.php(933): App\Controllers\Gfa->dashboard()
 6 SYSTEMPATH\CodeIgniter.php(509): CodeIgniter\CodeIgniter->runController(Object(App\Controllers\Gfa))
 7 SYSTEMPATH\CodeIgniter.php(355): CodeIgniter\CodeIgniter->handleRequest(null, Object(Config\Cache), false)
 8 SYSTEMPATH\Boot.php(325): CodeIgniter\CodeIgniter->run()
 9 SYSTEMPATH\Boot.php(67): CodeIgniter\Boot::runCodeIgniter(Object(CodeIgniter\CodeIgniter))
10 FCPATH\index.php(58): CodeIgniter\Boot::bootWeb(Object(Config\Paths))
WARNING - 2026-01-22 08:35:51 --> [DEPRECATED] Creation of dynamic property CodeIgniter\View\View::$admin_model is deprecated in APPPATH\Views\nav_new.php on line 6.
 1 SYSTEMPATH\View\View.php(234): include('C:\\xampp\\htdocs\\Communified-frontend\\portal\\app\\Views\\nav_new.php')
 2 SYSTEMPATH\View\View.php(237): CodeIgniter\View\View->CodeIgniter\View\{closure}()
 3 SYSTEMPATH\Common.php(1169): CodeIgniter\View\View->render('nav_new', [], true)
 4 APPPATH\Controllers\Gfa.php(5674): view('nav_new', [...])
 5 SYSTEMPATH\CodeIgniter.php(933): App\Controllers\Gfa->dashboard()
 6 SYSTEMPATH\CodeIgniter.php(509): CodeIgniter\CodeIgniter->runController(Object(App\Controllers\Gfa))
 7 SYSTEMPATH\CodeIgniter.php(355): CodeIgniter\CodeIgniter->handleRequest(null, Object(Config\Cache), false)
 8 SYSTEMPATH\Boot.php(325): CodeIgniter\CodeIgniter->run()
 9 SYSTEMPATH\Boot.php(67): CodeIgniter\Boot::runCodeIgniter(Object(CodeIgniter\CodeIgniter))
10 FCPATH\index.php(58): CodeIgniter\Boot::bootWeb(Object(Config\Paths))
WARNING - 2026-01-22 08:35:51 --> [DEPRECATED] ucwords(): Passing null to parameter #1 ($string) of type string is deprecated in APPPATH\Views\nav_new.php on line 60.
 1 APPPATH\Views\nav_new.php(60): ucwords(null)
 2 SYSTEMPATH\View\View.php(234): include('C:\\xampp\\htdocs\\Communified-frontend\\portal\\app\\Views\\nav_new.php')
 3 SYSTEMPATH\View\View.php(237): CodeIgniter\View\View->CodeIgniter\View\{closure}()
 4 SYSTEMPATH\Common.php(1169): CodeIgniter\View\View->render('nav_new', [], true)
 5 APPPATH\Controllers\Gfa.php(5674): view('nav_new', [...])
 6 SYSTEMPATH\CodeIgniter.php(933): App\Controllers\Gfa->dashboard()
 7 SYSTEMPATH\CodeIgniter.php(509): CodeIgniter\CodeIgniter->runController(Object(App\Controllers\Gfa))
 8 SYSTEMPATH\CodeIgniter.php(355): CodeIgniter\CodeIgniter->handleRequest(null, Object(Config\Cache), false)
 9 SYSTEMPATH\Boot.php(325): CodeIgniter\CodeIgniter->run()
10 SYSTEMPATH\Boot.php(67): CodeIgniter\Boot::runCodeIgniter(Object(CodeIgniter\CodeIgniter))
11 FCPATH\index.php(58): CodeIgniter\Boot::bootWeb(Object(Config\Paths))
WARNING - 2026-01-22 08:35:51 --> [DEPRECATED] strtoupper(): Passing null to parameter #1 ($string) of type string is deprecated in APPPATH\Views\nav_new.php on line 70.
 1 APPPATH\Views\nav_new.php(70): strtoupper(null)
 2 SYSTEMPATH\View\View.php(234): include('C:\\xampp\\htdocs\\Communified-frontend\\portal\\app\\Views\\nav_new.php')
 3 SYSTEMPATH\View\View.php(237): CodeIgniter\View\View->CodeIgniter\View\{closure}()
 4 SYSTEMPATH\Common.php(1169): CodeIgniter\View\View->render('nav_new', [], true)
 5 APPPATH\Controllers\Gfa.php(5674): view('nav_new', [...])
 6 SYSTEMPATH\CodeIgniter.php(933): App\Controllers\Gfa->dashboard()
 7 SYSTEMPATH\CodeIgniter.php(509): CodeIgniter\CodeIgniter->runController(Object(App\Controllers\Gfa))
 8 SYSTEMPATH\CodeIgniter.php(355): CodeIgniter\CodeIgniter->handleRequest(null, Object(Config\Cache), false)
 9 SYSTEMPATH\Boot.php(325): CodeIgniter\CodeIgniter->run()
10 SYSTEMPATH\Boot.php(67): CodeIgniter\Boot::runCodeIgniter(Object(CodeIgniter\CodeIgniter))
11 FCPATH\index.php(58): CodeIgniter\Boot::bootWeb(Object(Config\Paths))
WARNING - 2026-01-22 08:36:01 --> [DEPRECATED] Creation of dynamic property CodeIgniter\View\View::$gfa_model is deprecated in APPPATH\Views\dashboard_sub.php on line 3.
 1 SYSTEMPATH\View\View.php(234): include('C:\\xampp\\htdocs\\Communified-frontend\\portal\\app\\Views\\dashboard_sub.php')
 2 SYSTEMPATH\View\View.php(237): CodeIgniter\View\View->CodeIgniter\View\{closure}()
 3 SYSTEMPATH\Common.php(1169): CodeIgniter\View\View->render('dashboard_sub', [], true)
 4 APPPATH\Controllers\Gfa.php(5626): view('dashboard_sub', [...])
 5 SYSTEMPATH\CodeIgniter.php(933): App\Controllers\Gfa->dashboard_sub()
 6 SYSTEMPATH\CodeIgniter.php(509): CodeIgniter\CodeIgniter->runController(Object(App\Controllers\Gfa))
 7 SYSTEMPATH\CodeIgniter.php(355): CodeIgniter\CodeIgniter->handleRequest(null, Object(Config\Cache), false)
 8 SYSTEMPATH\Boot.php(325): CodeIgniter\CodeIgniter->run()
 9 SYSTEMPATH\Boot.php(67): CodeIgniter\Boot::runCodeIgniter(Object(CodeIgniter\CodeIgniter))
10 FCPATH\index.php(58): CodeIgniter\Boot::bootWeb(Object(Config\Paths))
WARNING - 2026-01-22 08:36:01 --> [DEPRECATED] Creation of dynamic property CodeIgniter\View\View::$admin_model is deprecated in APPPATH\Views\dashboard_sub.php on line 4.
 1 SYSTEMPATH\View\View.php(234): include('C:\\xampp\\htdocs\\Communified-frontend\\portal\\app\\Views\\dashboard_sub.php')
 2 SYSTEMPATH\View\View.php(237): CodeIgniter\View\View->CodeIgniter\View\{closure}()
 3 SYSTEMPATH\Common.php(1169): CodeIgniter\View\View->render('dashboard_sub', [], true)
 4 APPPATH\Controllers\Gfa.php(5626): view('dashboard_sub', [...])
 5 SYSTEMPATH\CodeIgniter.php(933): App\Controllers\Gfa->dashboard_sub()
 6 SYSTEMPATH\CodeIgniter.php(509): CodeIgniter\CodeIgniter->runController(Object(App\Controllers\Gfa))
 7 SYSTEMPATH\CodeIgniter.php(355): CodeIgniter\CodeIgniter->handleRequest(null, Object(Config\Cache), false)
 8 SYSTEMPATH\Boot.php(325): CodeIgniter\CodeIgniter->run()
 9 SYSTEMPATH\Boot.php(67): CodeIgniter\Boot::runCodeIgniter(Object(CodeIgniter\CodeIgniter))
10 FCPATH\index.php(58): CodeIgniter\Boot::bootWeb(Object(Config\Paths))
WARNING - 2026-01-22 08:36:04 --> [DEPRECATED] Creation of dynamic property CodeIgniter\View\View::$gfa_model is deprecated in APPPATH\Views\notify_system\load_old_notify.php on line 2.
 1 SYSTEMPATH\View\View.php(234): include('C:\\xampp\\htdocs\\Communified-frontend\\portal\\app\\Views\\notify_system\\load_old_notify.php')
 2 SYSTEMPATH\View\View.php(237): CodeIgniter\View\View->CodeIgniter\View\{closure}()
 3 SYSTEMPATH\Common.php(1169): CodeIgniter\View\View->render('notify_system/load_old_notify', [], true)
 4 APPPATH\Controllers\Gfa.php(1005): view('notify_system/load_old_notify', [...])
 5 SYSTEMPATH\CodeIgniter.php(933): App\Controllers\Gfa->loadOldNotify()
 6 SYSTEMPATH\CodeIgniter.php(509): CodeIgniter\CodeIgniter->runController(Object(App\Controllers\Gfa))
 7 SYSTEMPATH\CodeIgniter.php(355): CodeIgniter\CodeIgniter->handleRequest(null, Object(Config\Cache), false)
 8 SYSTEMPATH\Boot.php(325): CodeIgniter\CodeIgniter->run()
 9 SYSTEMPATH\Boot.php(67): CodeIgniter\Boot::runCodeIgniter(Object(CodeIgniter\CodeIgniter))
10 FCPATH\index.php(58): CodeIgniter\Boot::bootWeb(Object(Config\Paths))
WARNING - 2026-01-22 08:36:04 --> [DEPRECATED] Creation of dynamic property CodeIgniter\View\View::$admin_model is deprecated in APPPATH\Views\notify_system\load_old_notify.php on line 3.
 1 SYSTEMPATH\View\View.php(234): include('C:\\xampp\\htdocs\\Communified-frontend\\portal\\app\\Views\\notify_system\\load_old_notify.php')
 2 SYSTEMPATH\View\View.php(237): CodeIgniter\View\View->CodeIgniter\View\{closure}()
 3 SYSTEMPATH\Common.php(1169): CodeIgniter\View\View->render('notify_system/load_old_notify', [], true)
 4 APPPATH\Controllers\Gfa.php(1005): view('notify_system/load_old_notify', [...])
 5 SYSTEMPATH\CodeIgniter.php(933): App\Controllers\Gfa->loadOldNotify()
 6 SYSTEMPATH\CodeIgniter.php(509): CodeIgniter\CodeIgniter->runController(Object(App\Controllers\Gfa))
 7 SYSTEMPATH\CodeIgniter.php(355): CodeIgniter\CodeIgniter->handleRequest(null, Object(Config\Cache), false)
 8 SYSTEMPATH\Boot.php(325): CodeIgniter\CodeIgniter->run()
 9 SYSTEMPATH\Boot.php(67): CodeIgniter\Boot::runCodeIgniter(Object(CodeIgniter\CodeIgniter))
10 FCPATH\index.php(58): CodeIgniter\Boot::bootWeb(Object(Config\Paths))
WARNING - 2026-01-22 08:36:09 --> [DEPRECATED] Creation of dynamic property CodeIgniter\View\View::$gfa_model is deprecated in APPPATH\Views\investor\connection_alert.php on line 2.
 1 SYSTEMPATH\View\View.php(234): include('C:\\xampp\\htdocs\\Communified-frontend\\portal\\app\\Views\\investor\\connection_alert.php')
 2 SYSTEMPATH\View\View.php(237): CodeIgniter\View\View->CodeIgniter\View\{closure}()
 3 SYSTEMPATH\Common.php(1169): CodeIgniter\View\View->render('investor/connection_alert', [], true)
 4 APPPATH\Controllers\Gfa.php(4044): view('investor/connection_alert', [...])
 5 SYSTEMPATH\CodeIgniter.php(933): App\Controllers\Gfa->loadCurrentConnection()
 6 SYSTEMPATH\CodeIgniter.php(509): CodeIgniter\CodeIgniter->runController(Object(App\Controllers\Gfa))
 7 SYSTEMPATH\CodeIgniter.php(355): CodeIgniter\CodeIgniter->handleRequest(null, Object(Config\Cache), false)
 8 SYSTEMPATH\Boot.php(325): CodeIgniter\CodeIgniter->run()
 9 SYSTEMPATH\Boot.php(67): CodeIgniter\Boot::runCodeIgniter(Object(CodeIgniter\CodeIgniter))
10 FCPATH\index.php(58): CodeIgniter\Boot::bootWeb(Object(Config\Paths))
WARNING - 2026-01-22 08:36:09 --> [DEPRECATED] Creation of dynamic property CodeIgniter\View\View::$admin_model is deprecated in APPPATH\Views\investor\connection_alert.php on line 3.
 1 SYSTEMPATH\View\View.php(234): include('C:\\xampp\\htdocs\\Communified-frontend\\portal\\app\\Views\\investor\\connection_alert.php')
 2 SYSTEMPATH\View\View.php(237): CodeIgniter\View\View->CodeIgniter\View\{closure}()
 3 SYSTEMPATH\Common.php(1169): CodeIgniter\View\View->render('investor/connection_alert', [], true)
 4 APPPATH\Controllers\Gfa.php(4044): view('investor/connection_alert', [...])
 5 SYSTEMPATH\CodeIgniter.php(933): App\Controllers\Gfa->loadCurrentConnection()
 6 SYSTEMPATH\CodeIgniter.php(509): CodeIgniter\CodeIgniter->runController(Object(App\Controllers\Gfa))
 7 SYSTEMPATH\CodeIgniter.php(355): CodeIgniter\CodeIgniter->handleRequest(null, Object(Config\Cache), false)
 8 SYSTEMPATH\Boot.php(325): CodeIgniter\CodeIgniter->run()
 9 SYSTEMPATH\Boot.php(67): CodeIgniter\Boot::runCodeIgniter(Object(CodeIgniter\CodeIgniter))
10 FCPATH\index.php(58): CodeIgniter\Boot::bootWeb(Object(Config\Paths))
WARNING - 2026-01-22 08:36:10 --> [DEPRECATED] Creation of dynamic property CodeIgniter\View\View::$gfa_model is deprecated in APPPATH\Views\notify_system\load_old_notify.php on line 2.
 1 SYSTEMPATH\View\View.php(234): include('C:\\xampp\\htdocs\\Communified-frontend\\portal\\app\\Views\\notify_system\\load_old_notify.php')
 2 SYSTEMPATH\View\View.php(237): CodeIgniter\View\View->CodeIgniter\View\{closure}()
 3 SYSTEMPATH\Common.php(1169): CodeIgniter\View\View->render('notify_system/load_old_notify', [], true)
 4 APPPATH\Controllers\Gfa.php(1005): view('notify_system/load_old_notify', [...])
 5 SYSTEMPATH\CodeIgniter.php(933): App\Controllers\Gfa->loadOldNotify()
 6 SYSTEMPATH\CodeIgniter.php(509): CodeIgniter\CodeIgniter->runController(Object(App\Controllers\Gfa))
 7 SYSTEMPATH\CodeIgniter.php(355): CodeIgniter\CodeIgniter->handleRequest(null, Object(Config\Cache), false)
 8 SYSTEMPATH\Boot.php(325): CodeIgniter\CodeIgniter->run()
 9 SYSTEMPATH\Boot.php(67): CodeIgniter\Boot::runCodeIgniter(Object(CodeIgniter\CodeIgniter))
10 FCPATH\index.php(58): CodeIgniter\Boot::bootWeb(Object(Config\Paths))
WARNING - 2026-01-22 08:36:10 --> [DEPRECATED] Creation of dynamic property CodeIgniter\View\View::$admin_model is deprecated in APPPATH\Views\notify_system\load_old_notify.php on line 3.
 1 SYSTEMPATH\View\View.php(234): include('C:\\xampp\\htdocs\\Communified-frontend\\portal\\app\\Views\\notify_system\\load_old_notify.php')
 2 SYSTEMPATH\View\View.php(237): CodeIgniter\View\View->CodeIgniter\View\{closure}()
 3 SYSTEMPATH\Common.php(1169): CodeIgniter\View\View->render('notify_system/load_old_notify', [], true)
 4 APPPATH\Controllers\Gfa.php(1005): view('notify_system/load_old_notify', [...])
 5 SYSTEMPATH\CodeIgniter.php(933): App\Controllers\Gfa->loadOldNotify()
 6 SYSTEMPATH\CodeIgniter.php(509): CodeIgniter\CodeIgniter->runController(Object(App\Controllers\Gfa))
 7 SYSTEMPATH\CodeIgniter.php(355): CodeIgniter\CodeIgniter->handleRequest(null, Object(Config\Cache), false)
 8 SYSTEMPATH\Boot.php(325): CodeIgniter\CodeIgniter->run()
 9 SYSTEMPATH\Boot.php(67): CodeIgniter\Boot::runCodeIgniter(Object(CodeIgniter\CodeIgniter))
10 FCPATH\index.php(58): CodeIgniter\Boot::bootWeb(Object(Config\Paths))
WARNING - 2026-01-22 08:36:26 --> [DEPRECATED] Creation of dynamic property CodeIgniter\View\View::$gfa_model is deprecated in APPPATH\Views\nav_new.php on line 5.
 1 SYSTEMPATH\View\View.php(234): include('C:\\xampp\\htdocs\\Communified-frontend\\portal\\app\\Views\\nav_new.php')
 2 SYSTEMPATH\View\View.php(237): CodeIgniter\View\View->CodeIgniter\View\{closure}()
 3 SYSTEMPATH\Common.php(1169): CodeIgniter\View\View->render('nav_new', [], true)
 4 APPPATH\Controllers\Gfa.php(579): view('nav_new', [...])
 5 SYSTEMPATH\CodeIgniter.php(933): App\Controllers\Gfa->resource()
 6 SYSTEMPATH\CodeIgniter.php(509): CodeIgniter\CodeIgniter->runController(Object(App\Controllers\Gfa))
 7 SYSTEMPATH\CodeIgniter.php(355): CodeIgniter\CodeIgniter->handleRequest(null, Object(Config\Cache), false)
 8 SYSTEMPATH\Boot.php(325): CodeIgniter\CodeIgniter->run()
 9 SYSTEMPATH\Boot.php(67): CodeIgniter\Boot::runCodeIgniter(Object(CodeIgniter\CodeIgniter))
10 FCPATH\index.php(58): CodeIgniter\Boot::bootWeb(Object(Config\Paths))
WARNING - 2026-01-22 08:36:26 --> [DEPRECATED] Creation of dynamic property CodeIgniter\View\View::$admin_model is deprecated in APPPATH\Views\nav_new.php on line 6.
 1 SYSTEMPATH\View\View.php(234): include('C:\\xampp\\htdocs\\Communified-frontend\\portal\\app\\Views\\nav_new.php')
 2 SYSTEMPATH\View\View.php(237): CodeIgniter\View\View->CodeIgniter\View\{closure}()
 3 SYSTEMPATH\Common.php(1169): CodeIgniter\View\View->render('nav_new', [], true)
 4 APPPATH\Controllers\Gfa.php(579): view('nav_new', [...])
 5 SYSTEMPATH\CodeIgniter.php(933): App\Controllers\Gfa->resource()
 6 SYSTEMPATH\CodeIgniter.php(509): CodeIgniter\CodeIgniter->runController(Object(App\Controllers\Gfa))
 7 SYSTEMPATH\CodeIgniter.php(355): CodeIgniter\CodeIgniter->handleRequest(null, Object(Config\Cache), false)
 8 SYSTEMPATH\Boot.php(325): CodeIgniter\CodeIgniter->run()
 9 SYSTEMPATH\Boot.php(67): CodeIgniter\Boot::runCodeIgniter(Object(CodeIgniter\CodeIgniter))
10 FCPATH\index.php(58): CodeIgniter\Boot::bootWeb(Object(Config\Paths))
WARNING - 2026-01-22 08:36:26 --> [DEPRECATED] ucwords(): Passing null to parameter #1 ($string) of type string is deprecated in APPPATH\Views\nav_new.php on line 60.
 1 APPPATH\Views\nav_new.php(60): ucwords(null)
 2 SYSTEMPATH\View\View.php(234): include('C:\\xampp\\htdocs\\Communified-frontend\\portal\\app\\Views\\nav_new.php')
 3 SYSTEMPATH\View\View.php(237): CodeIgniter\View\View->CodeIgniter\View\{closure}()
 4 SYSTEMPATH\Common.php(1169): CodeIgniter\View\View->render('nav_new', [], true)
 5 APPPATH\Controllers\Gfa.php(579): view('nav_new', [...])
 6 SYSTEMPATH\CodeIgniter.php(933): App\Controllers\Gfa->resource()
 7 SYSTEMPATH\CodeIgniter.php(509): CodeIgniter\CodeIgniter->runController(Object(App\Controllers\Gfa))
 8 SYSTEMPATH\CodeIgniter.php(355): CodeIgniter\CodeIgniter->handleRequest(null, Object(Config\Cache), false)
 9 SYSTEMPATH\Boot.php(325): CodeIgniter\CodeIgniter->run()
10 SYSTEMPATH\Boot.php(67): CodeIgniter\Boot::runCodeIgniter(Object(CodeIgniter\CodeIgniter))
11 FCPATH\index.php(58): CodeIgniter\Boot::bootWeb(Object(Config\Paths))
WARNING - 2026-01-22 08:36:26 --> [DEPRECATED] strtoupper(): Passing null to parameter #1 ($string) of type string is deprecated in APPPATH\Views\nav_new.php on line 70.
 1 APPPATH\Views\nav_new.php(70): strtoupper(null)
 2 SYSTEMPATH\View\View.php(234): include('C:\\xampp\\htdocs\\Communified-frontend\\portal\\app\\Views\\nav_new.php')
 3 SYSTEMPATH\View\View.php(237): CodeIgniter\View\View->CodeIgniter\View\{closure}()
 4 SYSTEMPATH\Common.php(1169): CodeIgniter\View\View->render('nav_new', [], true)
 5 APPPATH\Controllers\Gfa.php(579): view('nav_new', [...])
 6 SYSTEMPATH\CodeIgniter.php(933): App\Controllers\Gfa->resource()
 7 SYSTEMPATH\CodeIgniter.php(509): CodeIgniter\CodeIgniter->runController(Object(App\Controllers\Gfa))
 8 SYSTEMPATH\CodeIgniter.php(355): CodeIgniter\CodeIgniter->handleRequest(null, Object(Config\Cache), false)
 9 SYSTEMPATH\Boot.php(325): CodeIgniter\CodeIgniter->run()
10 SYSTEMPATH\Boot.php(67): CodeIgniter\Boot::runCodeIgniter(Object(CodeIgniter\CodeIgniter))
11 FCPATH\index.php(58): CodeIgniter\Boot::bootWeb(Object(Config\Paths))
WARNING - 2026-01-22 08:36:31 --> [DEPRECATED] Creation of dynamic property CodeIgniter\View\View::$gfa_model is deprecated in APPPATH\Views\notify_system\load_old_notify.php on line 2.
 1 SYSTEMPATH\View\View.php(234): include('C:\\xampp\\htdocs\\Communified-frontend\\portal\\app\\Views\\notify_system\\load_old_notify.php')
 2 SYSTEMPATH\View\View.php(237): CodeIgniter\View\View->CodeIgniter\View\{closure}()
 3 SYSTEMPATH\Common.php(1169): CodeIgniter\View\View->render('notify_system/load_old_notify', [], true)
 4 APPPATH\Controllers\Gfa.php(1005): view('notify_system/load_old_notify', [...])
 5 SYSTEMPATH\CodeIgniter.php(933): App\Controllers\Gfa->loadOldNotify()
 6 SYSTEMPATH\CodeIgniter.php(509): CodeIgniter\CodeIgniter->runController(Object(App\Controllers\Gfa))
 7 SYSTEMPATH\CodeIgniter.php(355): CodeIgniter\CodeIgniter->handleRequest(null, Object(Config\Cache), false)
 8 SYSTEMPATH\Boot.php(325): CodeIgniter\CodeIgniter->run()
 9 SYSTEMPATH\Boot.php(67): CodeIgniter\Boot::runCodeIgniter(Object(CodeIgniter\CodeIgniter))
10 FCPATH\index.php(58): CodeIgniter\Boot::bootWeb(Object(Config\Paths))
WARNING - 2026-01-22 08:36:31 --> [DEPRECATED] Creation of dynamic property CodeIgniter\View\View::$admin_model is deprecated in APPPATH\Views\notify_system\load_old_notify.php on line 3.
 1 SYSTEMPATH\View\View.php(234): include('C:\\xampp\\htdocs\\Communified-frontend\\portal\\app\\Views\\notify_system\\load_old_notify.php')
 2 SYSTEMPATH\View\View.php(237): CodeIgniter\View\View->CodeIgniter\View\{closure}()
 3 SYSTEMPATH\Common.php(1169): CodeIgniter\View\View->render('notify_system/load_old_notify', [], true)
 4 APPPATH\Controllers\Gfa.php(1005): view('notify_system/load_old_notify', [...])
 5 SYSTEMPATH\CodeIgniter.php(933): App\Controllers\Gfa->loadOldNotify()
 6 SYSTEMPATH\CodeIgniter.php(509): CodeIgniter\CodeIgniter->runController(Object(App\Controllers\Gfa))
 7 SYSTEMPATH\CodeIgniter.php(355): CodeIgniter\CodeIgniter->handleRequest(null, Object(Config\Cache), false)
 8 SYSTEMPATH\Boot.php(325): CodeIgniter\CodeIgniter->run()
 9 SYSTEMPATH\Boot.php(67): CodeIgniter\Boot::runCodeIgniter(Object(CodeIgniter\CodeIgniter))
10 FCPATH\index.php(58): CodeIgniter\Boot::bootWeb(Object(Config\Paths))
WARNING - 2026-01-22 08:36:37 --> [DEPRECATED] Creation of dynamic property CodeIgniter\View\View::$gfa_model is deprecated in APPPATH\Views\investor\connection_alert.php on line 2.
 1 SYSTEMPATH\View\View.php(234): include('C:\\xampp\\htdocs\\Communified-frontend\\portal\\app\\Views\\investor\\connection_alert.php')
 2 SYSTEMPATH\View\View.php(237): CodeIgniter\View\View->CodeIgniter\View\{closure}()
 3 SYSTEMPATH\Common.php(1169): CodeIgniter\View\View->render('investor/connection_alert', [], true)
 4 APPPATH\Controllers\Gfa.php(4044): view('investor/connection_alert', [...])
 5 SYSTEMPATH\CodeIgniter.php(933): App\Controllers\Gfa->loadCurrentConnection()
 6 SYSTEMPATH\CodeIgniter.php(509): CodeIgniter\CodeIgniter->runController(Object(App\Controllers\Gfa))
 7 SYSTEMPATH\CodeIgniter.php(355): CodeIgniter\CodeIgniter->handleRequest(null, Object(Config\Cache), false)
 8 SYSTEMPATH\Boot.php(325): CodeIgniter\CodeIgniter->run()
 9 SYSTEMPATH\Boot.php(67): CodeIgniter\Boot::runCodeIgniter(Object(CodeIgniter\CodeIgniter))
10 FCPATH\index.php(58): CodeIgniter\Boot::bootWeb(Object(Config\Paths))
WARNING - 2026-01-22 08:36:37 --> [DEPRECATED] Creation of dynamic property CodeIgniter\View\View::$admin_model is deprecated in APPPATH\Views\investor\connection_alert.php on line 3.
 1 SYSTEMPATH\View\View.php(234): include('C:\\xampp\\htdocs\\Communified-frontend\\portal\\app\\Views\\investor\\connection_alert.php')
 2 SYSTEMPATH\View\View.php(237): CodeIgniter\View\View->CodeIgniter\View\{closure}()
 3 SYSTEMPATH\Common.php(1169): CodeIgniter\View\View->render('investor/connection_alert', [], true)
 4 APPPATH\Controllers\Gfa.php(4044): view('investor/connection_alert', [...])
 5 SYSTEMPATH\CodeIgniter.php(933): App\Controllers\Gfa->loadCurrentConnection()
 6 SYSTEMPATH\CodeIgniter.php(509): CodeIgniter\CodeIgniter->runController(Object(App\Controllers\Gfa))
 7 SYSTEMPATH\CodeIgniter.php(355): CodeIgniter\CodeIgniter->handleRequest(null, Object(Config\Cache), false)
 8 SYSTEMPATH\Boot.php(325): CodeIgniter\CodeIgniter->run()
 9 SYSTEMPATH\Boot.php(67): CodeIgniter\Boot::runCodeIgniter(Object(CodeIgniter\CodeIgniter))
10 FCPATH\index.php(58): CodeIgniter\Boot::bootWeb(Object(Config\Paths))
WARNING - 2026-01-22 08:36:38 --> [DEPRECATED] Creation of dynamic property CodeIgniter\View\View::$gfa_model is deprecated in APPPATH\Views\notify_system\load_old_notify.php on line 2.
 1 SYSTEMPATH\View\View.php(234): include('C:\\xampp\\htdocs\\Communified-frontend\\portal\\app\\Views\\notify_system\\load_old_notify.php')
 2 SYSTEMPATH\View\View.php(237): CodeIgniter\View\View->CodeIgniter\View\{closure}()
 3 SYSTEMPATH\Common.php(1169): CodeIgniter\View\View->render('notify_system/load_old_notify', [], true)
 4 APPPATH\Controllers\Gfa.php(1005): view('notify_system/load_old_notify', [...])
 5 SYSTEMPATH\CodeIgniter.php(933): App\Controllers\Gfa->loadOldNotify()
 6 SYSTEMPATH\CodeIgniter.php(509): CodeIgniter\CodeIgniter->runController(Object(App\Controllers\Gfa))
 7 SYSTEMPATH\CodeIgniter.php(355): CodeIgniter\CodeIgniter->handleRequest(null, Object(Config\Cache), false)
 8 SYSTEMPATH\Boot.php(325): CodeIgniter\CodeIgniter->run()
 9 SYSTEMPATH\Boot.php(67): CodeIgniter\Boot::runCodeIgniter(Object(CodeIgniter\CodeIgniter))
10 FCPATH\index.php(58): CodeIgniter\Boot::bootWeb(Object(Config\Paths))
WARNING - 2026-01-22 08:36:38 --> [DEPRECATED] Creation of dynamic property CodeIgniter\View\View::$admin_model is deprecated in APPPATH\Views\notify_system\load_old_notify.php on line 3.
 1 SYSTEMPATH\View\View.php(234): include('C:\\xampp\\htdocs\\Communified-frontend\\portal\\app\\Views\\notify_system\\load_old_notify.php')
 2 SYSTEMPATH\View\View.php(237): CodeIgniter\View\View->CodeIgniter\View\{closure}()
 3 SYSTEMPATH\Common.php(1169): CodeIgniter\View\View->render('notify_system/load_old_notify', [], true)
 4 APPPATH\Controllers\Gfa.php(1005): view('notify_system/load_old_notify', [...])
 5 SYSTEMPATH\CodeIgniter.php(933): App\Controllers\Gfa->loadOldNotify()
 6 SYSTEMPATH\CodeIgniter.php(509): CodeIgniter\CodeIgniter->runController(Object(App\Controllers\Gfa))
 7 SYSTEMPATH\CodeIgniter.php(355): CodeIgniter\CodeIgniter->handleRequest(null, Object(Config\Cache), false)
 8 SYSTEMPATH\Boot.php(325): CodeIgniter\CodeIgniter->run()
 9 SYSTEMPATH\Boot.php(67): CodeIgniter\Boot::runCodeIgniter(Object(CodeIgniter\CodeIgniter))
10 FCPATH\index.php(58): CodeIgniter\Boot::bootWeb(Object(Config\Paths))
ERROR - 2026-01-22 08:36:41 --> mysqli_sql_exception: Unknown column 'guests' in 'where clause' in C:\xampp\htdocs\Communified-frontend\portal\system\Database\MySQLi\Connection.php:312
Stack trace:
#0 C:\xampp\htdocs\Communified-frontend\portal\system\Database\MySQLi\Connection.php(312): mysqli->query('SELECT *\nFROM `...', 0)
#1 C:\xampp\htdocs\Communified-frontend\portal\system\Database\BaseConnection.php(734): CodeIgniter\Database\MySQLi\Connection->execute('SELECT *\nFROM `...')
#2 C:\xampp\htdocs\Communified-frontend\portal\system\Database\BaseConnection.php(648): CodeIgniter\Database\BaseConnection->simpleQuery('SELECT *\nFROM `...')
#3 C:\xampp\htdocs\Communified-frontend\portal\system\Database\BaseBuilder.php(1644): CodeIgniter\Database\BaseConnection->query('SELECT *\nFROM `...', Array, false)
#4 C:\xampp\htdocs\Communified-frontend\portal\system\Model.php(286): CodeIgniter\Database\BaseBuilder->get()
#5 C:\xampp\htdocs\Communified-frontend\portal\system\BaseModel.php(676): CodeIgniter\Model->doFindAll(0, 0)
#6 C:\xampp\htdocs\Communified-frontend\portal\app\Models\CalendarModel.php(20): CodeIgniter\BaseModel->findAll()
#7 C:\xampp\htdocs\Communified-frontend\portal\app\Controllers\CalendarController.php(40): App\Models\CalendarModel->getAllStartupEvents('pouattara+pme08...')
#8 C:\xampp\htdocs\Communified-frontend\portal\system\CodeIgniter.php(933): App\Controllers\CalendarController->index()
#9 C:\xampp\htdocs\Communified-frontend\portal\system\CodeIgniter.php(509): CodeIgniter\CodeIgniter->runController(Object(App\Controllers\CalendarController))
#10 C:\xampp\htdocs\Communified-frontend\portal\system\CodeIgniter.php(355): CodeIgniter\CodeIgniter->handleRequest(NULL, Object(Config\Cache), false)
#11 C:\xampp\htdocs\Communified-frontend\portal\system\Boot.php(325): CodeIgniter\CodeIgniter->run()
#12 C:\xampp\htdocs\Communified-frontend\portal\system\Boot.php(67): CodeIgniter\Boot::runCodeIgniter(Object(CodeIgniter\CodeIgniter))
#13 C:\xampp\htdocs\Communified-frontend\portal\index.php(58): CodeIgniter\Boot::bootWeb(Object(Config\Paths))
#14 {main}
CRITICAL - 2026-01-22 08:36:41 --> CodeIgniter\Database\Exceptions\DatabaseException: Unknown column 'guests' in 'where clause'
[Method: GET, Route: calendar/index]
in SYSTEMPATH\Database\BaseConnection.php on line 688.
 1 SYSTEMPATH\Database\BaseBuilder.php(1644): CodeIgniter\Database\BaseConnection->query('SELECT *
FROM `calendar_scheduler`
WHERE `host` = :host:
OR  `guests` LIKE :guests: ESCAPE \'!\'', [...], false)
 2 SYSTEMPATH\Model.php(286): CodeIgniter\Database\BaseBuilder->get()
 3 SYSTEMPATH\BaseModel.php(676): CodeIgniter\Model->doFindAll(0, 0)
 4 APPPATH\Models\CalendarModel.php(20): CodeIgniter\BaseModel->findAll()
 5 APPPATH\Controllers\CalendarController.php(40): App\Models\CalendarModel->getAllStartupEvents('pouattara+pme08@cipme.ci')
 6 SYSTEMPATH\CodeIgniter.php(933): App\Controllers\CalendarController->index()
 7 SYSTEMPATH\CodeIgniter.php(509): CodeIgniter\CodeIgniter->runController(Object(App\Controllers\CalendarController))
 8 SYSTEMPATH\CodeIgniter.php(355): CodeIgniter\CodeIgniter->handleRequest(null, Object(Config\Cache), false)
 9 SYSTEMPATH\Boot.php(325): CodeIgniter\CodeIgniter->run()
10 SYSTEMPATH\Boot.php(67): CodeIgniter\Boot::runCodeIgniter(Object(CodeIgniter\CodeIgniter))
11 FCPATH\index.php(58): CodeIgniter\Boot::bootWeb(Object(Config\Paths))
CRITICAL - 2026-01-22 08:36:41 --> [Caused by] CodeIgniter\Database\Exceptions\DatabaseException: Unknown column 'guests' in 'where clause'
in SYSTEMPATH\Database\MySQLi\Connection.php on line 317.
 1 SYSTEMPATH\Database\BaseConnection.php(734): CodeIgniter\Database\MySQLi\Connection->execute('SELECT *
FROM `calendar_scheduler`
WHERE `host` = \'pouattara+pme08@cipme.ci\'
OR  `guests` LIKE \'%pouattara+pme08@cipme.ci%\' ESCAPE \'!\'')
 2 SYSTEMPATH\Database\BaseConnection.php(648): CodeIgniter\Database\BaseConnection->simpleQuery('SELECT *
FROM `calendar_scheduler`
WHERE `host` = \'pouattara+pme08@cipme.ci\'
OR  `guests` LIKE \'%pouattara+pme08@cipme.ci%\' ESCAPE \'!\'')
 3 SYSTEMPATH\Database\BaseBuilder.php(1644): CodeIgniter\Database\BaseConnection->query('SELECT *
FROM `calendar_scheduler`
WHERE `host` = :host:
OR  `guests` LIKE :guests: ESCAPE \'!\'', [...], false)
 4 SYSTEMPATH\Model.php(286): CodeIgniter\Database\BaseBuilder->get()
 5 SYSTEMPATH\BaseModel.php(676): CodeIgniter\Model->doFindAll(0, 0)
 6 APPPATH\Models\CalendarModel.php(20): CodeIgniter\BaseModel->findAll()
 7 APPPATH\Controllers\CalendarController.php(40): App\Models\CalendarModel->getAllStartupEvents('pouattara+pme08@cipme.ci')
 8 SYSTEMPATH\CodeIgniter.php(933): App\Controllers\CalendarController->index()
 9 SYSTEMPATH\CodeIgniter.php(509): CodeIgniter\CodeIgniter->runController(Object(App\Controllers\CalendarController))
10 SYSTEMPATH\CodeIgniter.php(355): CodeIgniter\CodeIgniter->handleRequest(null, Object(Config\Cache), false)
11 SYSTEMPATH\Boot.php(325): CodeIgniter\CodeIgniter->run()
12 SYSTEMPATH\Boot.php(67): CodeIgniter\Boot::runCodeIgniter(Object(CodeIgniter\CodeIgniter))
13 FCPATH\index.php(58): CodeIgniter\Boot::bootWeb(Object(Config\Paths))
CRITICAL - 2026-01-22 08:36:41 --> [Caused by] mysqli_sql_exception: Unknown column 'guests' in 'where clause'
in SYSTEMPATH\Database\MySQLi\Connection.php on line 312.
 1 SYSTEMPATH\Database\MySQLi\Connection.php(312): mysqli->query('SELECT *
FROM `calendar_scheduler`
WHERE `host` = \'pouattara+pme08@cipme.ci\'
OR  `guests` LIKE \'%pouattara+pme08@cipme.ci%\' ESCAPE \'!\'', 0)
 2 SYSTEMPATH\Database\BaseConnection.php(734): CodeIgniter\Database\MySQLi\Connection->execute('SELECT *
FROM `calendar_scheduler`
WHERE `host` = \'pouattara+pme08@cipme.ci\'
OR  `guests` LIKE \'%pouattara+pme08@cipme.ci%\' ESCAPE \'!\'')
 3 SYSTEMPATH\Database\BaseConnection.php(648): CodeIgniter\Database\BaseConnection->simpleQuery('SELECT *
FROM `calendar_scheduler`
WHERE `host` = \'pouattara+pme08@cipme.ci\'
OR  `guests` LIKE \'%pouattara+pme08@cipme.ci%\' ESCAPE \'!\'')
 4 SYSTEMPATH\Database\BaseBuilder.php(1644): CodeIgniter\Database\BaseConnection->query('SELECT *
FROM `calendar_scheduler`
WHERE `host` = :host:
OR  `guests` LIKE :guests: ESCAPE \'!\'', [...], false)
 5 SYSTEMPATH\Model.php(286): CodeIgniter\Database\BaseBuilder->get()
 6 SYSTEMPATH\BaseModel.php(676): CodeIgniter\Model->doFindAll(0, 0)
 7 APPPATH\Models\CalendarModel.php(20): CodeIgniter\BaseModel->findAll()
 8 APPPATH\Controllers\CalendarController.php(40): App\Models\CalendarModel->getAllStartupEvents('pouattara+pme08@cipme.ci')
 9 SYSTEMPATH\CodeIgniter.php(933): App\Controllers\CalendarController->index()
10 SYSTEMPATH\CodeIgniter.php(509): CodeIgniter\CodeIgniter->runController(Object(App\Controllers\CalendarController))
11 SYSTEMPATH\CodeIgniter.php(355): CodeIgniter\CodeIgniter->handleRequest(null, Object(Config\Cache), false)
12 SYSTEMPATH\Boot.php(325): CodeIgniter\CodeIgniter->run()
13 SYSTEMPATH\Boot.php(67): CodeIgniter\Boot::runCodeIgniter(Object(CodeIgniter\CodeIgniter))
14 FCPATH\index.php(58): CodeIgniter\Boot::bootWeb(Object(Config\Paths))
WARNING - 2026-01-22 08:37:05 --> [DEPRECATED] Creation of dynamic property CodeIgniter\View\View::$gfa_model is deprecated in APPPATH\Views\nav_new.php on line 5.
 1 SYSTEMPATH\View\View.php(234): include('C:\\xampp\\htdocs\\Communified-frontend\\portal\\app\\Views\\nav_new.php')
 2 SYSTEMPATH\View\View.php(237): CodeIgniter\View\View->CodeIgniter\View\{closure}()
 3 SYSTEMPATH\Common.php(1169): CodeIgniter\View\View->render('nav_new', [], true)
 4 APPPATH\Controllers\Gfa.php(579): view('nav_new', [...])
 5 SYSTEMPATH\CodeIgniter.php(933): App\Controllers\Gfa->resource()
 6 SYSTEMPATH\CodeIgniter.php(509): CodeIgniter\CodeIgniter->runController(Object(App\Controllers\Gfa))
 7 SYSTEMPATH\CodeIgniter.php(355): CodeIgniter\CodeIgniter->handleRequest(null, Object(Config\Cache), false)
 8 SYSTEMPATH\Boot.php(325): CodeIgniter\CodeIgniter->run()
 9 SYSTEMPATH\Boot.php(67): CodeIgniter\Boot::runCodeIgniter(Object(CodeIgniter\CodeIgniter))
10 FCPATH\index.php(58): CodeIgniter\Boot::bootWeb(Object(Config\Paths))
WARNING - 2026-01-22 08:37:05 --> [DEPRECATED] Creation of dynamic property CodeIgniter\View\View::$admin_model is deprecated in APPPATH\Views\nav_new.php on line 6.
 1 SYSTEMPATH\View\View.php(234): include('C:\\xampp\\htdocs\\Communified-frontend\\portal\\app\\Views\\nav_new.php')
 2 SYSTEMPATH\View\View.php(237): CodeIgniter\View\View->CodeIgniter\View\{closure}()
 3 SYSTEMPATH\Common.php(1169): CodeIgniter\View\View->render('nav_new', [], true)
 4 APPPATH\Controllers\Gfa.php(579): view('nav_new', [...])
 5 SYSTEMPATH\CodeIgniter.php(933): App\Controllers\Gfa->resource()
 6 SYSTEMPATH\CodeIgniter.php(509): CodeIgniter\CodeIgniter->runController(Object(App\Controllers\Gfa))
 7 SYSTEMPATH\CodeIgniter.php(355): CodeIgniter\CodeIgniter->handleRequest(null, Object(Config\Cache), false)
 8 SYSTEMPATH\Boot.php(325): CodeIgniter\CodeIgniter->run()
 9 SYSTEMPATH\Boot.php(67): CodeIgniter\Boot::runCodeIgniter(Object(CodeIgniter\CodeIgniter))
10 FCPATH\index.php(58): CodeIgniter\Boot::bootWeb(Object(Config\Paths))
WARNING - 2026-01-22 08:37:05 --> [DEPRECATED] ucwords(): Passing null to parameter #1 ($string) of type string is deprecated in APPPATH\Views\nav_new.php on line 60.
 1 APPPATH\Views\nav_new.php(60): ucwords(null)
 2 SYSTEMPATH\View\View.php(234): include('C:\\xampp\\htdocs\\Communified-frontend\\portal\\app\\Views\\nav_new.php')
 3 SYSTEMPATH\View\View.php(237): CodeIgniter\View\View->CodeIgniter\View\{closure}()
 4 SYSTEMPATH\Common.php(1169): CodeIgniter\View\View->render('nav_new', [], true)
 5 APPPATH\Controllers\Gfa.php(579): view('nav_new', [...])
 6 SYSTEMPATH\CodeIgniter.php(933): App\Controllers\Gfa->resource()
 7 SYSTEMPATH\CodeIgniter.php(509): CodeIgniter\CodeIgniter->runController(Object(App\Controllers\Gfa))
 8 SYSTEMPATH\CodeIgniter.php(355): CodeIgniter\CodeIgniter->handleRequest(null, Object(Config\Cache), false)
 9 SYSTEMPATH\Boot.php(325): CodeIgniter\CodeIgniter->run()
10 SYSTEMPATH\Boot.php(67): CodeIgniter\Boot::runCodeIgniter(Object(CodeIgniter\CodeIgniter))
11 FCPATH\index.php(58): CodeIgniter\Boot::bootWeb(Object(Config\Paths))
WARNING - 2026-01-22 08:37:05 --> [DEPRECATED] strtoupper(): Passing null to parameter #1 ($string) of type string is deprecated in APPPATH\Views\nav_new.php on line 70.
 1 APPPATH\Views\nav_new.php(70): strtoupper(null)
 2 SYSTEMPATH\View\View.php(234): include('C:\\xampp\\htdocs\\Communified-frontend\\portal\\app\\Views\\nav_new.php')
 3 SYSTEMPATH\View\View.php(237): CodeIgniter\View\View->CodeIgniter\View\{closure}()
 4 SYSTEMPATH\Common.php(1169): CodeIgniter\View\View->render('nav_new', [], true)
 5 APPPATH\Controllers\Gfa.php(579): view('nav_new', [...])
 6 SYSTEMPATH\CodeIgniter.php(933): App\Controllers\Gfa->resource()
 7 SYSTEMPATH\CodeIgniter.php(509): CodeIgniter\CodeIgniter->runController(Object(App\Controllers\Gfa))
 8 SYSTEMPATH\CodeIgniter.php(355): CodeIgniter\CodeIgniter->handleRequest(null, Object(Config\Cache), false)
 9 SYSTEMPATH\Boot.php(325): CodeIgniter\CodeIgniter->run()
10 SYSTEMPATH\Boot.php(67): CodeIgniter\Boot::runCodeIgniter(Object(CodeIgniter\CodeIgniter))
11 FCPATH\index.php(58): CodeIgniter\Boot::bootWeb(Object(Config\Paths))
WARNING - 2026-01-22 08:37:09 --> [DEPRECATED] Creation of dynamic property CodeIgniter\View\View::$gfa_model is deprecated in APPPATH\Views\notify_system\load_old_notify.php on line 2.
 1 SYSTEMPATH\View\View.php(234): include('C:\\xampp\\htdocs\\Communified-frontend\\portal\\app\\Views\\notify_system\\load_old_notify.php')
 2 SYSTEMPATH\View\View.php(237): CodeIgniter\View\View->CodeIgniter\View\{closure}()
 3 SYSTEMPATH\Common.php(1169): CodeIgniter\View\View->render('notify_system/load_old_notify', [], true)
 4 APPPATH\Controllers\Gfa.php(1005): view('notify_system/load_old_notify', [...])
 5 SYSTEMPATH\CodeIgniter.php(933): App\Controllers\Gfa->loadOldNotify()
 6 SYSTEMPATH\CodeIgniter.php(509): CodeIgniter\CodeIgniter->runController(Object(App\Controllers\Gfa))
 7 SYSTEMPATH\CodeIgniter.php(355): CodeIgniter\CodeIgniter->handleRequest(null, Object(Config\Cache), false)
 8 SYSTEMPATH\Boot.php(325): CodeIgniter\CodeIgniter->run()
 9 SYSTEMPATH\Boot.php(67): CodeIgniter\Boot::runCodeIgniter(Object(CodeIgniter\CodeIgniter))
10 FCPATH\index.php(58): CodeIgniter\Boot::bootWeb(Object(Config\Paths))
WARNING - 2026-01-22 08:37:09 --> [DEPRECATED] Creation of dynamic property CodeIgniter\View\View::$admin_model is deprecated in APPPATH\Views\notify_system\load_old_notify.php on line 3.
 1 SYSTEMPATH\View\View.php(234): include('C:\\xampp\\htdocs\\Communified-frontend\\portal\\app\\Views\\notify_system\\load_old_notify.php')
 2 SYSTEMPATH\View\View.php(237): CodeIgniter\View\View->CodeIgniter\View\{closure}()
 3 SYSTEMPATH\Common.php(1169): CodeIgniter\View\View->render('notify_system/load_old_notify', [], true)
 4 APPPATH\Controllers\Gfa.php(1005): view('notify_system/load_old_notify', [...])
 5 SYSTEMPATH\CodeIgniter.php(933): App\Controllers\Gfa->loadOldNotify()
 6 SYSTEMPATH\CodeIgniter.php(509): CodeIgniter\CodeIgniter->runController(Object(App\Controllers\Gfa))
 7 SYSTEMPATH\CodeIgniter.php(355): CodeIgniter\CodeIgniter->handleRequest(null, Object(Config\Cache), false)
 8 SYSTEMPATH\Boot.php(325): CodeIgniter\CodeIgniter->run()
 9 SYSTEMPATH\Boot.php(67): CodeIgniter\Boot::runCodeIgniter(Object(CodeIgniter\CodeIgniter))
10 FCPATH\index.php(58): CodeIgniter\Boot::bootWeb(Object(Config\Paths))
WARNING - 2026-01-22 08:37:14 --> [DEPRECATED] Creation of dynamic property CodeIgniter\View\View::$gfa_model is deprecated in APPPATH\Views\investor\connection_alert.php on line 2.
 1 SYSTEMPATH\View\View.php(234): include('C:\\xampp\\htdocs\\Communified-frontend\\portal\\app\\Views\\investor\\connection_alert.php')
 2 SYSTEMPATH\View\View.php(237): CodeIgniter\View\View->CodeIgniter\View\{closure}()
 3 SYSTEMPATH\Common.php(1169): CodeIgniter\View\View->render('investor/connection_alert', [], true)
 4 APPPATH\Controllers\Gfa.php(4044): view('investor/connection_alert', [...])
 5 SYSTEMPATH\CodeIgniter.php(933): App\Controllers\Gfa->loadCurrentConnection()
 6 SYSTEMPATH\CodeIgniter.php(509): CodeIgniter\CodeIgniter->runController(Object(App\Controllers\Gfa))
 7 SYSTEMPATH\CodeIgniter.php(355): CodeIgniter\CodeIgniter->handleRequest(null, Object(Config\Cache), false)
 8 SYSTEMPATH\Boot.php(325): CodeIgniter\CodeIgniter->run()
 9 SYSTEMPATH\Boot.php(67): CodeIgniter\Boot::runCodeIgniter(Object(CodeIgniter\CodeIgniter))
10 FCPATH\index.php(58): CodeIgniter\Boot::bootWeb(Object(Config\Paths))
WARNING - 2026-01-22 08:37:14 --> [DEPRECATED] Creation of dynamic property CodeIgniter\View\View::$admin_model is deprecated in APPPATH\Views\investor\connection_alert.php on line 3.
 1 SYSTEMPATH\View\View.php(234): include('C:\\xampp\\htdocs\\Communified-frontend\\portal\\app\\Views\\investor\\connection_alert.php')
 2 SYSTEMPATH\View\View.php(237): CodeIgniter\View\View->CodeIgniter\View\{closure}()
 3 SYSTEMPATH\Common.php(1169): CodeIgniter\View\View->render('investor/connection_alert', [], true)
 4 APPPATH\Controllers\Gfa.php(4044): view('investor/connection_alert', [...])
 5 SYSTEMPATH\CodeIgniter.php(933): App\Controllers\Gfa->loadCurrentConnection()
 6 SYSTEMPATH\CodeIgniter.php(509): CodeIgniter\CodeIgniter->runController(Object(App\Controllers\Gfa))
 7 SYSTEMPATH\CodeIgniter.php(355): CodeIgniter\CodeIgniter->handleRequest(null, Object(Config\Cache), false)
 8 SYSTEMPATH\Boot.php(325): CodeIgniter\CodeIgniter->run()
 9 SYSTEMPATH\Boot.php(67): CodeIgniter\Boot::runCodeIgniter(Object(CodeIgniter\CodeIgniter))
10 FCPATH\index.php(58): CodeIgniter\Boot::bootWeb(Object(Config\Paths))
WARNING - 2026-01-22 08:37:16 --> [DEPRECATED] Creation of dynamic property CodeIgniter\View\View::$gfa_model is deprecated in APPPATH\Views\notify_system\load_old_notify.php on line 2.
 1 SYSTEMPATH\View\View.php(234): include('C:\\xampp\\htdocs\\Communified-frontend\\portal\\app\\Views\\notify_system\\load_old_notify.php')
 2 SYSTEMPATH\View\View.php(237): CodeIgniter\View\View->CodeIgniter\View\{closure}()
 3 SYSTEMPATH\Common.php(1169): CodeIgniter\View\View->render('notify_system/load_old_notify', [], true)
 4 APPPATH\Controllers\Gfa.php(1005): view('notify_system/load_old_notify', [...])
 5 SYSTEMPATH\CodeIgniter.php(933): App\Controllers\Gfa->loadOldNotify()
 6 SYSTEMPATH\CodeIgniter.php(509): CodeIgniter\CodeIgniter->runController(Object(App\Controllers\Gfa))
 7 SYSTEMPATH\CodeIgniter.php(355): CodeIgniter\CodeIgniter->handleRequest(null, Object(Config\Cache), false)
 8 SYSTEMPATH\Boot.php(325): CodeIgniter\CodeIgniter->run()
 9 SYSTEMPATH\Boot.php(67): CodeIgniter\Boot::runCodeIgniter(Object(CodeIgniter\CodeIgniter))
10 FCPATH\index.php(58): CodeIgniter\Boot::bootWeb(Object(Config\Paths))
WARNING - 2026-01-22 08:37:16 --> [DEPRECATED] Creation of dynamic property CodeIgniter\View\View::$admin_model is deprecated in APPPATH\Views\notify_system\load_old_notify.php on line 3.
 1 SYSTEMPATH\View\View.php(234): include('C:\\xampp\\htdocs\\Communified-frontend\\portal\\app\\Views\\notify_system\\load_old_notify.php')
 2 SYSTEMPATH\View\View.php(237): CodeIgniter\View\View->CodeIgniter\View\{closure}()
 3 SYSTEMPATH\Common.php(1169): CodeIgniter\View\View->render('notify_system/load_old_notify', [], true)
 4 APPPATH\Controllers\Gfa.php(1005): view('notify_system/load_old_notify', [...])
 5 SYSTEMPATH\CodeIgniter.php(933): App\Controllers\Gfa->loadOldNotify()
 6 SYSTEMPATH\CodeIgniter.php(509): CodeIgniter\CodeIgniter->runController(Object(App\Controllers\Gfa))
 7 SYSTEMPATH\CodeIgniter.php(355): CodeIgniter\CodeIgniter->handleRequest(null, Object(Config\Cache), false)
 8 SYSTEMPATH\Boot.php(325): CodeIgniter\CodeIgniter->run()
 9 SYSTEMPATH\Boot.php(67): CodeIgniter\Boot::runCodeIgniter(Object(CodeIgniter\CodeIgniter))
10 FCPATH\index.php(58): CodeIgniter\Boot::bootWeb(Object(Config\Paths))
WARNING - 2026-01-22 08:37:20 --> [DEPRECATED] Creation of dynamic property CodeIgniter\View\View::$gfa_model is deprecated in APPPATH\Views\notify_system\nav_notify.php on line 2.
 1 SYSTEMPATH\View\View.php(234): include('C:\\xampp\\htdocs\\Communified-frontend\\portal\\app\\Views\\notify_system\\nav_notify.php')
 2 SYSTEMPATH\View\View.php(237): CodeIgniter\View\View->CodeIgniter\View\{closure}()
 3 SYSTEMPATH\Common.php(1169): CodeIgniter\View\View->render('notify_system/nav_notify', [], true)
 4 APPPATH\Controllers\Gfa.php(1036): view('notify_system/nav_notify', [...])
 5 SYSTEMPATH\CodeIgniter.php(933): App\Controllers\Gfa->notify_inbox()
 6 SYSTEMPATH\CodeIgniter.php(509): CodeIgniter\CodeIgniter->runController(Object(App\Controllers\Gfa))
 7 SYSTEMPATH\CodeIgniter.php(355): CodeIgniter\CodeIgniter->handleRequest(null, Object(Config\Cache), false)
 8 SYSTEMPATH\Boot.php(325): CodeIgniter\CodeIgniter->run()
 9 SYSTEMPATH\Boot.php(67): CodeIgniter\Boot::runCodeIgniter(Object(CodeIgniter\CodeIgniter))
10 FCPATH\index.php(58): CodeIgniter\Boot::bootWeb(Object(Config\Paths))
WARNING - 2026-01-22 08:37:20 --> [DEPRECATED] Creation of dynamic property CodeIgniter\View\View::$admin_model is deprecated in APPPATH\Views\notify_system\notify_inbox.php on line 3.
 1 SYSTEMPATH\View\View.php(234): include('C:\\xampp\\htdocs\\Communified-frontend\\portal\\app\\Views\\notify_system\\notify_inbox.php')
 2 SYSTEMPATH\View\View.php(237): CodeIgniter\View\View->CodeIgniter\View\{closure}()
 3 SYSTEMPATH\Common.php(1169): CodeIgniter\View\View->render('notify_system/notify_inbox', [], true)
 4 APPPATH\Controllers\Gfa.php(1038): view('notify_system/notify_inbox', [...])
 5 SYSTEMPATH\CodeIgniter.php(933): App\Controllers\Gfa->notify_inbox()
 6 SYSTEMPATH\CodeIgniter.php(509): CodeIgniter\CodeIgniter->runController(Object(App\Controllers\Gfa))
 7 SYSTEMPATH\CodeIgniter.php(355): CodeIgniter\CodeIgniter->handleRequest(null, Object(Config\Cache), false)
 8 SYSTEMPATH\Boot.php(325): CodeIgniter\CodeIgniter->run()
 9 SYSTEMPATH\Boot.php(67): CodeIgniter\Boot::runCodeIgniter(Object(CodeIgniter\CodeIgniter))
10 FCPATH\index.php(58): CodeIgniter\Boot::bootWeb(Object(Config\Paths))
WARNING - 2026-01-22 08:37:21 --> [DEPRECATED] ucwords(): Passing null to parameter #1 ($string) of type string is deprecated in APPPATH\Views\notify_system\notify_inbox.php on line 173.
 1 APPPATH\Views\notify_system\notify_inbox.php(173): ucwords(null)
 2 SYSTEMPATH\View\View.php(234): include('C:\\xampp\\htdocs\\Communified-frontend\\portal\\app\\Views\\notify_system\\notify_inbox.php')
 3 SYSTEMPATH\View\View.php(237): CodeIgniter\View\View->CodeIgniter\View\{closure}()
 4 SYSTEMPATH\Common.php(1169): CodeIgniter\View\View->render('notify_system/notify_inbox', [], true)
 5 APPPATH\Controllers\Gfa.php(1038): view('notify_system/notify_inbox', [...])
 6 SYSTEMPATH\CodeIgniter.php(933): App\Controllers\Gfa->notify_inbox()
 7 SYSTEMPATH\CodeIgniter.php(509): CodeIgniter\CodeIgniter->runController(Object(App\Controllers\Gfa))
 8 SYSTEMPATH\CodeIgniter.php(355): CodeIgniter\CodeIgniter->handleRequest(null, Object(Config\Cache), false)
 9 SYSTEMPATH\Boot.php(325): CodeIgniter\CodeIgniter->run()
10 SYSTEMPATH\Boot.php(67): CodeIgniter\Boot::runCodeIgniter(Object(CodeIgniter\CodeIgniter))
11 FCPATH\index.php(58): CodeIgniter\Boot::bootWeb(Object(Config\Paths))
WARNING - 2026-01-22 08:37:21 --> [DEPRECATED] ucwords(): Passing null to parameter #1 ($string) of type string is deprecated in APPPATH\Views\notify_system\notify_inbox.php on line 173.
 1 APPPATH\Views\notify_system\notify_inbox.php(173): ucwords(null)
 2 SYSTEMPATH\View\View.php(234): include('C:\\xampp\\htdocs\\Communified-frontend\\portal\\app\\Views\\notify_system\\notify_inbox.php')
 3 SYSTEMPATH\View\View.php(237): CodeIgniter\View\View->CodeIgniter\View\{closure}()
 4 SYSTEMPATH\Common.php(1169): CodeIgniter\View\View->render('notify_system/notify_inbox', [], true)
 5 APPPATH\Controllers\Gfa.php(1038): view('notify_system/notify_inbox', [...])
 6 SYSTEMPATH\CodeIgniter.php(933): App\Controllers\Gfa->notify_inbox()
 7 SYSTEMPATH\CodeIgniter.php(509): CodeIgniter\CodeIgniter->runController(Object(App\Controllers\Gfa))
 8 SYSTEMPATH\CodeIgniter.php(355): CodeIgniter\CodeIgniter->handleRequest(null, Object(Config\Cache), false)
 9 SYSTEMPATH\Boot.php(325): CodeIgniter\CodeIgniter->run()
10 SYSTEMPATH\Boot.php(67): CodeIgniter\Boot::runCodeIgniter(Object(CodeIgniter\CodeIgniter))
11 FCPATH\index.php(58): CodeIgniter\Boot::bootWeb(Object(Config\Paths))
WARNING - 2026-01-22 08:37:21 --> [DEPRECATED] ucwords(): Passing null to parameter #1 ($string) of type string is deprecated in APPPATH\Views\notify_system\notify_inbox.php on line 228.
 1 APPPATH\Views\notify_system\notify_inbox.php(228): ucwords(null)
 2 SYSTEMPATH\View\View.php(234): include('C:\\xampp\\htdocs\\Communified-frontend\\portal\\app\\Views\\notify_system\\notify_inbox.php')
 3 SYSTEMPATH\View\View.php(237): CodeIgniter\View\View->CodeIgniter\View\{closure}()
 4 SYSTEMPATH\Common.php(1169): CodeIgniter\View\View->render('notify_system/notify_inbox', [], true)
 5 APPPATH\Controllers\Gfa.php(1038): view('notify_system/notify_inbox', [...])
 6 SYSTEMPATH\CodeIgniter.php(933): App\Controllers\Gfa->notify_inbox()
 7 SYSTEMPATH\CodeIgniter.php(509): CodeIgniter\CodeIgniter->runController(Object(App\Controllers\Gfa))
 8 SYSTEMPATH\CodeIgniter.php(355): CodeIgniter\CodeIgniter->handleRequest(null, Object(Config\Cache), false)
 9 SYSTEMPATH\Boot.php(325): CodeIgniter\CodeIgniter->run()
10 SYSTEMPATH\Boot.php(67): CodeIgniter\Boot::runCodeIgniter(Object(CodeIgniter\CodeIgniter))
11 FCPATH\index.php(58): CodeIgniter\Boot::bootWeb(Object(Config\Paths))
WARNING - 2026-01-22 08:37:25 --> [DEPRECATED] Creation of dynamic property CodeIgniter\View\View::$gfa_model is deprecated in APPPATH\Views\notify_system\nav_notify.php on line 2.
 1 SYSTEMPATH\View\View.php(234): include('C:\\xampp\\htdocs\\Communified-frontend\\portal\\app\\Views\\notify_system\\nav_notify.php')
 2 SYSTEMPATH\View\View.php(237): CodeIgniter\View\View->CodeIgniter\View\{closure}()
 3 SYSTEMPATH\Common.php(1169): CodeIgniter\View\View->render('notify_system/nav_notify', [], true)
 4 APPPATH\Controllers\Gfa.php(1036): view('notify_system/nav_notify', [...])
 5 SYSTEMPATH\CodeIgniter.php(933): App\Controllers\Gfa->notify_inbox()
 6 SYSTEMPATH\CodeIgniter.php(509): CodeIgniter\CodeIgniter->runController(Object(App\Controllers\Gfa))
 7 SYSTEMPATH\CodeIgniter.php(355): CodeIgniter\CodeIgniter->handleRequest(null, Object(Config\Cache), false)
 8 SYSTEMPATH\Boot.php(325): CodeIgniter\CodeIgniter->run()
 9 SYSTEMPATH\Boot.php(67): CodeIgniter\Boot::runCodeIgniter(Object(CodeIgniter\CodeIgniter))
10 FCPATH\index.php(58): CodeIgniter\Boot::bootWeb(Object(Config\Paths))
WARNING - 2026-01-22 08:37:25 --> [DEPRECATED] Creation of dynamic property CodeIgniter\View\View::$admin_model is deprecated in APPPATH\Views\notify_system\notify_inbox.php on line 3.
 1 SYSTEMPATH\View\View.php(234): include('C:\\xampp\\htdocs\\Communified-frontend\\portal\\app\\Views\\notify_system\\notify_inbox.php')
 2 SYSTEMPATH\View\View.php(237): CodeIgniter\View\View->CodeIgniter\View\{closure}()
 3 SYSTEMPATH\Common.php(1169): CodeIgniter\View\View->render('notify_system/notify_inbox', [], true)
 4 APPPATH\Controllers\Gfa.php(1038): view('notify_system/notify_inbox', [...])
 5 SYSTEMPATH\CodeIgniter.php(933): App\Controllers\Gfa->notify_inbox()
 6 SYSTEMPATH\CodeIgniter.php(509): CodeIgniter\CodeIgniter->runController(Object(App\Controllers\Gfa))
 7 SYSTEMPATH\CodeIgniter.php(355): CodeIgniter\CodeIgniter->handleRequest(null, Object(Config\Cache), false)
 8 SYSTEMPATH\Boot.php(325): CodeIgniter\CodeIgniter->run()
 9 SYSTEMPATH\Boot.php(67): CodeIgniter\Boot::runCodeIgniter(Object(CodeIgniter\CodeIgniter))
10 FCPATH\index.php(58): CodeIgniter\Boot::bootWeb(Object(Config\Paths))
WARNING - 2026-01-22 08:37:26 --> [DEPRECATED] ucwords(): Passing null to parameter #1 ($string) of type string is deprecated in APPPATH\Views\notify_system\notify_inbox.php on line 173.
 1 APPPATH\Views\notify_system\notify_inbox.php(173): ucwords(null)
 2 SYSTEMPATH\View\View.php(234): include('C:\\xampp\\htdocs\\Communified-frontend\\portal\\app\\Views\\notify_system\\notify_inbox.php')
 3 SYSTEMPATH\View\View.php(237): CodeIgniter\View\View->CodeIgniter\View\{closure}()
 4 SYSTEMPATH\Common.php(1169): CodeIgniter\View\View->render('notify_system/notify_inbox', [], true)
 5 APPPATH\Controllers\Gfa.php(1038): view('notify_system/notify_inbox', [...])
 6 SYSTEMPATH\CodeIgniter.php(933): App\Controllers\Gfa->notify_inbox()
 7 SYSTEMPATH\CodeIgniter.php(509): CodeIgniter\CodeIgniter->runController(Object(App\Controllers\Gfa))
 8 SYSTEMPATH\CodeIgniter.php(355): CodeIgniter\CodeIgniter->handleRequest(null, Object(Config\Cache), false)
 9 SYSTEMPATH\Boot.php(325): CodeIgniter\CodeIgniter->run()
10 SYSTEMPATH\Boot.php(67): CodeIgniter\Boot::runCodeIgniter(Object(CodeIgniter\CodeIgniter))
11 FCPATH\index.php(58): CodeIgniter\Boot::bootWeb(Object(Config\Paths))
WARNING - 2026-01-22 08:37:26 --> [DEPRECATED] ucwords(): Passing null to parameter #1 ($string) of type string is deprecated in APPPATH\Views\notify_system\notify_inbox.php on line 173.
 1 APPPATH\Views\notify_system\notify_inbox.php(173): ucwords(null)
 2 SYSTEMPATH\View\View.php(234): include('C:\\xampp\\htdocs\\Communified-frontend\\portal\\app\\Views\\notify_system\\notify_inbox.php')
 3 SYSTEMPATH\View\View.php(237): CodeIgniter\View\View->CodeIgniter\View\{closure}()
 4 SYSTEMPATH\Common.php(1169): CodeIgniter\View\View->render('notify_system/notify_inbox', [], true)
 5 APPPATH\Controllers\Gfa.php(1038): view('notify_system/notify_inbox', [...])
 6 SYSTEMPATH\CodeIgniter.php(933): App\Controllers\Gfa->notify_inbox()
 7 SYSTEMPATH\CodeIgniter.php(509): CodeIgniter\CodeIgniter->runController(Object(App\Controllers\Gfa))
 8 SYSTEMPATH\CodeIgniter.php(355): CodeIgniter\CodeIgniter->handleRequest(null, Object(Config\Cache), false)
 9 SYSTEMPATH\Boot.php(325): CodeIgniter\CodeIgniter->run()
10 SYSTEMPATH\Boot.php(67): CodeIgniter\Boot::runCodeIgniter(Object(CodeIgniter\CodeIgniter))
11 FCPATH\index.php(58): CodeIgniter\Boot::bootWeb(Object(Config\Paths))
WARNING - 2026-01-22 08:37:27 --> [DEPRECATED] ucwords(): Passing null to parameter #1 ($string) of type string is deprecated in APPPATH\Views\notify_system\notify_inbox.php on line 228.
 1 APPPATH\Views\notify_system\notify_inbox.php(228): ucwords(null)
 2 SYSTEMPATH\View\View.php(234): include('C:\\xampp\\htdocs\\Communified-frontend\\portal\\app\\Views\\notify_system\\notify_inbox.php')
 3 SYSTEMPATH\View\View.php(237): CodeIgniter\View\View->CodeIgniter\View\{closure}()
 4 SYSTEMPATH\Common.php(1169): CodeIgniter\View\View->render('notify_system/notify_inbox', [], true)
 5 APPPATH\Controllers\Gfa.php(1038): view('notify_system/notify_inbox', [...])
 6 SYSTEMPATH\CodeIgniter.php(933): App\Controllers\Gfa->notify_inbox()
 7 SYSTEMPATH\CodeIgniter.php(509): CodeIgniter\CodeIgniter->runController(Object(App\Controllers\Gfa))
 8 SYSTEMPATH\CodeIgniter.php(355): CodeIgniter\CodeIgniter->handleRequest(null, Object(Config\Cache), false)
 9 SYSTEMPATH\Boot.php(325): CodeIgniter\CodeIgniter->run()
10 SYSTEMPATH\Boot.php(67): CodeIgniter\Boot::runCodeIgniter(Object(CodeIgniter\CodeIgniter))
11 FCPATH\index.php(58): CodeIgniter\Boot::bootWeb(Object(Config\Paths))
WARNING - 2026-01-22 08:37:50 --> [DEPRECATED] Creation of dynamic property CodeIgniter\View\View::$gfa_model is deprecated in APPPATH\Views\nav_new.php on line 5.
 1 SYSTEMPATH\View\View.php(234): include('C:\\xampp\\htdocs\\Communified-frontend\\portal\\app\\Views\\nav_new.php')
 2 SYSTEMPATH\View\View.php(237): CodeIgniter\View\View->CodeIgniter\View\{closure}()
 3 SYSTEMPATH\Common.php(1169): CodeIgniter\View\View->render('nav_new', [], true)
 4 APPPATH\Controllers\Gfa.php(579): view('nav_new', [...])
 5 SYSTEMPATH\CodeIgniter.php(933): App\Controllers\Gfa->resource()
 6 SYSTEMPATH\CodeIgniter.php(509): CodeIgniter\CodeIgniter->runController(Object(App\Controllers\Gfa))
 7 SYSTEMPATH\CodeIgniter.php(355): CodeIgniter\CodeIgniter->handleRequest(null, Object(Config\Cache), false)
 8 SYSTEMPATH\Boot.php(325): CodeIgniter\CodeIgniter->run()
 9 SYSTEMPATH\Boot.php(67): CodeIgniter\Boot::runCodeIgniter(Object(CodeIgniter\CodeIgniter))
10 FCPATH\index.php(58): CodeIgniter\Boot::bootWeb(Object(Config\Paths))
WARNING - 2026-01-22 08:37:50 --> [DEPRECATED] Creation of dynamic property CodeIgniter\View\View::$admin_model is deprecated in APPPATH\Views\nav_new.php on line 6.
 1 SYSTEMPATH\View\View.php(234): include('C:\\xampp\\htdocs\\Communified-frontend\\portal\\app\\Views\\nav_new.php')
 2 SYSTEMPATH\View\View.php(237): CodeIgniter\View\View->CodeIgniter\View\{closure}()
 3 SYSTEMPATH\Common.php(1169): CodeIgniter\View\View->render('nav_new', [], true)
 4 APPPATH\Controllers\Gfa.php(579): view('nav_new', [...])
 5 SYSTEMPATH\CodeIgniter.php(933): App\Controllers\Gfa->resource()
 6 SYSTEMPATH\CodeIgniter.php(509): CodeIgniter\CodeIgniter->runController(Object(App\Controllers\Gfa))
 7 SYSTEMPATH\CodeIgniter.php(355): CodeIgniter\CodeIgniter->handleRequest(null, Object(Config\Cache), false)
 8 SYSTEMPATH\Boot.php(325): CodeIgniter\CodeIgniter->run()
 9 SYSTEMPATH\Boot.php(67): CodeIgniter\Boot::runCodeIgniter(Object(CodeIgniter\CodeIgniter))
10 FCPATH\index.php(58): CodeIgniter\Boot::bootWeb(Object(Config\Paths))
WARNING - 2026-01-22 08:37:50 --> [DEPRECATED] ucwords(): Passing null to parameter #1 ($string) of type string is deprecated in APPPATH\Views\nav_new.php on line 60.
 1 APPPATH\Views\nav_new.php(60): ucwords(null)
 2 SYSTEMPATH\View\View.php(234): include('C:\\xampp\\htdocs\\Communified-frontend\\portal\\app\\Views\\nav_new.php')
 3 SYSTEMPATH\View\View.php(237): CodeIgniter\View\View->CodeIgniter\View\{closure}()
 4 SYSTEMPATH\Common.php(1169): CodeIgniter\View\View->render('nav_new', [], true)
 5 APPPATH\Controllers\Gfa.php(579): view('nav_new', [...])
 6 SYSTEMPATH\CodeIgniter.php(933): App\Controllers\Gfa->resource()
 7 SYSTEMPATH\CodeIgniter.php(509): CodeIgniter\CodeIgniter->runController(Object(App\Controllers\Gfa))
 8 SYSTEMPATH\CodeIgniter.php(355): CodeIgniter\CodeIgniter->handleRequest(null, Object(Config\Cache), false)
 9 SYSTEMPATH\Boot.php(325): CodeIgniter\CodeIgniter->run()
10 SYSTEMPATH\Boot.php(67): CodeIgniter\Boot::runCodeIgniter(Object(CodeIgniter\CodeIgniter))
11 FCPATH\index.php(58): CodeIgniter\Boot::bootWeb(Object(Config\Paths))
WARNING - 2026-01-22 08:37:50 --> [DEPRECATED] strtoupper(): Passing null to parameter #1 ($string) of type string is deprecated in APPPATH\Views\nav_new.php on line 70.
 1 APPPATH\Views\nav_new.php(70): strtoupper(null)
 2 SYSTEMPATH\View\View.php(234): include('C:\\xampp\\htdocs\\Communified-frontend\\portal\\app\\Views\\nav_new.php')
 3 SYSTEMPATH\View\View.php(237): CodeIgniter\View\View->CodeIgniter\View\{closure}()
 4 SYSTEMPATH\Common.php(1169): CodeIgniter\View\View->render('nav_new', [], true)
 5 APPPATH\Controllers\Gfa.php(579): view('nav_new', [...])
 6 SYSTEMPATH\CodeIgniter.php(933): App\Controllers\Gfa->resource()
 7 SYSTEMPATH\CodeIgniter.php(509): CodeIgniter\CodeIgniter->runController(Object(App\Controllers\Gfa))
 8 SYSTEMPATH\CodeIgniter.php(355): CodeIgniter\CodeIgniter->handleRequest(null, Object(Config\Cache), false)
 9 SYSTEMPATH\Boot.php(325): CodeIgniter\CodeIgniter->run()
10 SYSTEMPATH\Boot.php(67): CodeIgniter\Boot::runCodeIgniter(Object(CodeIgniter\CodeIgniter))
11 FCPATH\index.php(58): CodeIgniter\Boot::bootWeb(Object(Config\Paths))
WARNING - 2026-01-22 08:37:55 --> [DEPRECATED] Creation of dynamic property CodeIgniter\View\View::$gfa_model is deprecated in APPPATH\Views\notify_system\load_old_notify.php on line 2.
 1 SYSTEMPATH\View\View.php(234): include('C:\\xampp\\htdocs\\Communified-frontend\\portal\\app\\Views\\notify_system\\load_old_notify.php')
 2 SYSTEMPATH\View\View.php(237): CodeIgniter\View\View->CodeIgniter\View\{closure}()
 3 SYSTEMPATH\Common.php(1169): CodeIgniter\View\View->render('notify_system/load_old_notify', [], true)
 4 APPPATH\Controllers\Gfa.php(1005): view('notify_system/load_old_notify', [...])
 5 SYSTEMPATH\CodeIgniter.php(933): App\Controllers\Gfa->loadOldNotify()
 6 SYSTEMPATH\CodeIgniter.php(509): CodeIgniter\CodeIgniter->runController(Object(App\Controllers\Gfa))
 7 SYSTEMPATH\CodeIgniter.php(355): CodeIgniter\CodeIgniter->handleRequest(null, Object(Config\Cache), false)
 8 SYSTEMPATH\Boot.php(325): CodeIgniter\CodeIgniter->run()
 9 SYSTEMPATH\Boot.php(67): CodeIgniter\Boot::runCodeIgniter(Object(CodeIgniter\CodeIgniter))
10 FCPATH\index.php(58): CodeIgniter\Boot::bootWeb(Object(Config\Paths))
WARNING - 2026-01-22 08:37:55 --> [DEPRECATED] Creation of dynamic property CodeIgniter\View\View::$admin_model is deprecated in APPPATH\Views\notify_system\load_old_notify.php on line 3.
 1 SYSTEMPATH\View\View.php(234): include('C:\\xampp\\htdocs\\Communified-frontend\\portal\\app\\Views\\notify_system\\load_old_notify.php')
 2 SYSTEMPATH\View\View.php(237): CodeIgniter\View\View->CodeIgniter\View\{closure}()
 3 SYSTEMPATH\Common.php(1169): CodeIgniter\View\View->render('notify_system/load_old_notify', [], true)
 4 APPPATH\Controllers\Gfa.php(1005): view('notify_system/load_old_notify', [...])
 5 SYSTEMPATH\CodeIgniter.php(933): App\Controllers\Gfa->loadOldNotify()
 6 SYSTEMPATH\CodeIgniter.php(509): CodeIgniter\CodeIgniter->runController(Object(App\Controllers\Gfa))
 7 SYSTEMPATH\CodeIgniter.php(355): CodeIgniter\CodeIgniter->handleRequest(null, Object(Config\Cache), false)
 8 SYSTEMPATH\Boot.php(325): CodeIgniter\CodeIgniter->run()
 9 SYSTEMPATH\Boot.php(67): CodeIgniter\Boot::runCodeIgniter(Object(CodeIgniter\CodeIgniter))
10 FCPATH\index.php(58): CodeIgniter\Boot::bootWeb(Object(Config\Paths))
WARNING - 2026-01-22 08:38:00 --> [DEPRECATED] Creation of dynamic property CodeIgniter\View\View::$gfa_model is deprecated in APPPATH\Views\investor\connection_alert.php on line 2.
 1 SYSTEMPATH\View\View.php(234): include('C:\\xampp\\htdocs\\Communified-frontend\\portal\\app\\Views\\investor\\connection_alert.php')
 2 SYSTEMPATH\View\View.php(237): CodeIgniter\View\View->CodeIgniter\View\{closure}()
 3 SYSTEMPATH\Common.php(1169): CodeIgniter\View\View->render('investor/connection_alert', [], true)
 4 APPPATH\Controllers\Gfa.php(4044): view('investor/connection_alert', [...])
 5 SYSTEMPATH\CodeIgniter.php(933): App\Controllers\Gfa->loadCurrentConnection()
 6 SYSTEMPATH\CodeIgniter.php(509): CodeIgniter\CodeIgniter->runController(Object(App\Controllers\Gfa))
 7 SYSTEMPATH\CodeIgniter.php(355): CodeIgniter\CodeIgniter->handleRequest(null, Object(Config\Cache), false)
 8 SYSTEMPATH\Boot.php(325): CodeIgniter\CodeIgniter->run()
 9 SYSTEMPATH\Boot.php(67): CodeIgniter\Boot::runCodeIgniter(Object(CodeIgniter\CodeIgniter))
10 FCPATH\index.php(58): CodeIgniter\Boot::bootWeb(Object(Config\Paths))
WARNING - 2026-01-22 08:38:00 --> [DEPRECATED] Creation of dynamic property CodeIgniter\View\View::$admin_model is deprecated in APPPATH\Views\investor\connection_alert.php on line 3.
 1 SYSTEMPATH\View\View.php(234): include('C:\\xampp\\htdocs\\Communified-frontend\\portal\\app\\Views\\investor\\connection_alert.php')
 2 SYSTEMPATH\View\View.php(237): CodeIgniter\View\View->CodeIgniter\View\{closure}()
 3 SYSTEMPATH\Common.php(1169): CodeIgniter\View\View->render('investor/connection_alert', [], true)
 4 APPPATH\Controllers\Gfa.php(4044): view('investor/connection_alert', [...])
 5 SYSTEMPATH\CodeIgniter.php(933): App\Controllers\Gfa->loadCurrentConnection()
 6 SYSTEMPATH\CodeIgniter.php(509): CodeIgniter\CodeIgniter->runController(Object(App\Controllers\Gfa))
 7 SYSTEMPATH\CodeIgniter.php(355): CodeIgniter\CodeIgniter->handleRequest(null, Object(Config\Cache), false)
 8 SYSTEMPATH\Boot.php(325): CodeIgniter\CodeIgniter->run()
 9 SYSTEMPATH\Boot.php(67): CodeIgniter\Boot::runCodeIgniter(Object(CodeIgniter\CodeIgniter))
10 FCPATH\index.php(58): CodeIgniter\Boot::bootWeb(Object(Config\Paths))
WARNING - 2026-01-22 08:38:02 --> [DEPRECATED] Creation of dynamic property CodeIgniter\View\View::$gfa_model is deprecated in APPPATH\Views\notify_system\load_old_notify.php on line 2.
 1 SYSTEMPATH\View\View.php(234): include('C:\\xampp\\htdocs\\Communified-frontend\\portal\\app\\Views\\notify_system\\load_old_notify.php')
 2 SYSTEMPATH\View\View.php(237): CodeIgniter\View\View->CodeIgniter\View\{closure}()
 3 SYSTEMPATH\Common.php(1169): CodeIgniter\View\View->render('notify_system/load_old_notify', [], true)
 4 APPPATH\Controllers\Gfa.php(1005): view('notify_system/load_old_notify', [...])
 5 SYSTEMPATH\CodeIgniter.php(933): App\Controllers\Gfa->loadOldNotify()
 6 SYSTEMPATH\CodeIgniter.php(509): CodeIgniter\CodeIgniter->runController(Object(App\Controllers\Gfa))
 7 SYSTEMPATH\CodeIgniter.php(355): CodeIgniter\CodeIgniter->handleRequest(null, Object(Config\Cache), false)
 8 SYSTEMPATH\Boot.php(325): CodeIgniter\CodeIgniter->run()
 9 SYSTEMPATH\Boot.php(67): CodeIgniter\Boot::runCodeIgniter(Object(CodeIgniter\CodeIgniter))
10 FCPATH\index.php(58): CodeIgniter\Boot::bootWeb(Object(Config\Paths))
WARNING - 2026-01-22 08:38:02 --> [DEPRECATED] Creation of dynamic property CodeIgniter\View\View::$admin_model is deprecated in APPPATH\Views\notify_system\load_old_notify.php on line 3.
 1 SYSTEMPATH\View\View.php(234): include('C:\\xampp\\htdocs\\Communified-frontend\\portal\\app\\Views\\notify_system\\load_old_notify.php')
 2 SYSTEMPATH\View\View.php(237): CodeIgniter\View\View->CodeIgniter\View\{closure}()
 3 SYSTEMPATH\Common.php(1169): CodeIgniter\View\View->render('notify_system/load_old_notify', [], true)
 4 APPPATH\Controllers\Gfa.php(1005): view('notify_system/load_old_notify', [...])
 5 SYSTEMPATH\CodeIgniter.php(933): App\Controllers\Gfa->loadOldNotify()
 6 SYSTEMPATH\CodeIgniter.php(509): CodeIgniter\CodeIgniter->runController(Object(App\Controllers\Gfa))
 7 SYSTEMPATH\CodeIgniter.php(355): CodeIgniter\CodeIgniter->handleRequest(null, Object(Config\Cache), false)
 8 SYSTEMPATH\Boot.php(325): CodeIgniter\CodeIgniter->run()
 9 SYSTEMPATH\Boot.php(67): CodeIgniter\Boot::runCodeIgniter(Object(CodeIgniter\CodeIgniter))
10 FCPATH\index.php(58): CodeIgniter\Boot::bootWeb(Object(Config\Paths))
WARNING - 2026-01-22 08:38:05 --> [DEPRECATED] Creation of dynamic property CodeIgniter\View\View::$gfa_model is deprecated in APPPATH\Views\nav_new.php on line 5.
 1 SYSTEMPATH\View\View.php(234): include('C:\\xampp\\htdocs\\Communified-frontend\\portal\\app\\Views\\nav_new.php')
 2 SYSTEMPATH\View\View.php(237): CodeIgniter\View\View->CodeIgniter\View\{closure}()
 3 SYSTEMPATH\Common.php(1169): CodeIgniter\View\View->render('nav_new', [], true)
 4 APPPATH\Controllers\Gfa.php(1077): view('nav_new', [...])
 5 SYSTEMPATH\CodeIgniter.php(933): App\Controllers\Gfa->dealroom()
 6 SYSTEMPATH\CodeIgniter.php(509): CodeIgniter\CodeIgniter->runController(Object(App\Controllers\Gfa))
 7 SYSTEMPATH\CodeIgniter.php(355): CodeIgniter\CodeIgniter->handleRequest(null, Object(Config\Cache), false)
 8 SYSTEMPATH\Boot.php(325): CodeIgniter\CodeIgniter->run()
 9 SYSTEMPATH\Boot.php(67): CodeIgniter\Boot::runCodeIgniter(Object(CodeIgniter\CodeIgniter))
10 FCPATH\index.php(58): CodeIgniter\Boot::bootWeb(Object(Config\Paths))
WARNING - 2026-01-22 08:38:05 --> [DEPRECATED] Creation of dynamic property CodeIgniter\View\View::$admin_model is deprecated in APPPATH\Views\nav_new.php on line 6.
 1 SYSTEMPATH\View\View.php(234): include('C:\\xampp\\htdocs\\Communified-frontend\\portal\\app\\Views\\nav_new.php')
 2 SYSTEMPATH\View\View.php(237): CodeIgniter\View\View->CodeIgniter\View\{closure}()
 3 SYSTEMPATH\Common.php(1169): CodeIgniter\View\View->render('nav_new', [], true)
 4 APPPATH\Controllers\Gfa.php(1077): view('nav_new', [...])
 5 SYSTEMPATH\CodeIgniter.php(933): App\Controllers\Gfa->dealroom()
 6 SYSTEMPATH\CodeIgniter.php(509): CodeIgniter\CodeIgniter->runController(Object(App\Controllers\Gfa))
 7 SYSTEMPATH\CodeIgniter.php(355): CodeIgniter\CodeIgniter->handleRequest(null, Object(Config\Cache), false)
 8 SYSTEMPATH\Boot.php(325): CodeIgniter\CodeIgniter->run()
 9 SYSTEMPATH\Boot.php(67): CodeIgniter\Boot::runCodeIgniter(Object(CodeIgniter\CodeIgniter))
10 FCPATH\index.php(58): CodeIgniter\Boot::bootWeb(Object(Config\Paths))
WARNING - 2026-01-22 08:38:05 --> [DEPRECATED] ucwords(): Passing null to parameter #1 ($string) of type string is deprecated in APPPATH\Views\nav_new.php on line 60.
 1 APPPATH\Views\nav_new.php(60): ucwords(null)
 2 SYSTEMPATH\View\View.php(234): include('C:\\xampp\\htdocs\\Communified-frontend\\portal\\app\\Views\\nav_new.php')
 3 SYSTEMPATH\View\View.php(237): CodeIgniter\View\View->CodeIgniter\View\{closure}()
 4 SYSTEMPATH\Common.php(1169): CodeIgniter\View\View->render('nav_new', [], true)
 5 APPPATH\Controllers\Gfa.php(1077): view('nav_new', [...])
 6 SYSTEMPATH\CodeIgniter.php(933): App\Controllers\Gfa->dealroom()
 7 SYSTEMPATH\CodeIgniter.php(509): CodeIgniter\CodeIgniter->runController(Object(App\Controllers\Gfa))
 8 SYSTEMPATH\CodeIgniter.php(355): CodeIgniter\CodeIgniter->handleRequest(null, Object(Config\Cache), false)
 9 SYSTEMPATH\Boot.php(325): CodeIgniter\CodeIgniter->run()
10 SYSTEMPATH\Boot.php(67): CodeIgniter\Boot::runCodeIgniter(Object(CodeIgniter\CodeIgniter))
11 FCPATH\index.php(58): CodeIgniter\Boot::bootWeb(Object(Config\Paths))
WARNING - 2026-01-22 08:38:05 --> [DEPRECATED] strtoupper(): Passing null to parameter #1 ($string) of type string is deprecated in APPPATH\Views\nav_new.php on line 70.
 1 APPPATH\Views\nav_new.php(70): strtoupper(null)
 2 SYSTEMPATH\View\View.php(234): include('C:\\xampp\\htdocs\\Communified-frontend\\portal\\app\\Views\\nav_new.php')
 3 SYSTEMPATH\View\View.php(237): CodeIgniter\View\View->CodeIgniter\View\{closure}()
 4 SYSTEMPATH\Common.php(1169): CodeIgniter\View\View->render('nav_new', [], true)
 5 APPPATH\Controllers\Gfa.php(1077): view('nav_new', [...])
 6 SYSTEMPATH\CodeIgniter.php(933): App\Controllers\Gfa->dealroom()
 7 SYSTEMPATH\CodeIgniter.php(509): CodeIgniter\CodeIgniter->runController(Object(App\Controllers\Gfa))
 8 SYSTEMPATH\CodeIgniter.php(355): CodeIgniter\CodeIgniter->handleRequest(null, Object(Config\Cache), false)
 9 SYSTEMPATH\Boot.php(325): CodeIgniter\CodeIgniter->run()
10 SYSTEMPATH\Boot.php(67): CodeIgniter\Boot::runCodeIgniter(Object(CodeIgniter\CodeIgniter))
11 FCPATH\index.php(58): CodeIgniter\Boot::bootWeb(Object(Config\Paths))
WARNING - 2026-01-22 08:38:11 --> [DEPRECATED] Creation of dynamic property CodeIgniter\View\View::$gfa_model is deprecated in APPPATH\Views\notify_system\load_old_notify.php on line 2.
 1 SYSTEMPATH\View\View.php(234): include('C:\\xampp\\htdocs\\Communified-frontend\\portal\\app\\Views\\notify_system\\load_old_notify.php')
 2 SYSTEMPATH\View\View.php(237): CodeIgniter\View\View->CodeIgniter\View\{closure}()
 3 SYSTEMPATH\Common.php(1169): CodeIgniter\View\View->render('notify_system/load_old_notify', [], true)
 4 APPPATH\Controllers\Gfa.php(1005): view('notify_system/load_old_notify', [...])
 5 SYSTEMPATH\CodeIgniter.php(933): App\Controllers\Gfa->loadOldNotify()
 6 SYSTEMPATH\CodeIgniter.php(509): CodeIgniter\CodeIgniter->runController(Object(App\Controllers\Gfa))
 7 SYSTEMPATH\CodeIgniter.php(355): CodeIgniter\CodeIgniter->handleRequest(null, Object(Config\Cache), false)
 8 SYSTEMPATH\Boot.php(325): CodeIgniter\CodeIgniter->run()
 9 SYSTEMPATH\Boot.php(67): CodeIgniter\Boot::runCodeIgniter(Object(CodeIgniter\CodeIgniter))
10 FCPATH\index.php(58): CodeIgniter\Boot::bootWeb(Object(Config\Paths))
WARNING - 2026-01-22 08:38:11 --> [DEPRECATED] Creation of dynamic property CodeIgniter\View\View::$admin_model is deprecated in APPPATH\Views\notify_system\load_old_notify.php on line 3.
 1 SYSTEMPATH\View\View.php(234): include('C:\\xampp\\htdocs\\Communified-frontend\\portal\\app\\Views\\notify_system\\load_old_notify.php')
 2 SYSTEMPATH\View\View.php(237): CodeIgniter\View\View->CodeIgniter\View\{closure}()
 3 SYSTEMPATH\Common.php(1169): CodeIgniter\View\View->render('notify_system/load_old_notify', [], true)
 4 APPPATH\Controllers\Gfa.php(1005): view('notify_system/load_old_notify', [...])
 5 SYSTEMPATH\CodeIgniter.php(933): App\Controllers\Gfa->loadOldNotify()
 6 SYSTEMPATH\CodeIgniter.php(509): CodeIgniter\CodeIgniter->runController(Object(App\Controllers\Gfa))
 7 SYSTEMPATH\CodeIgniter.php(355): CodeIgniter\CodeIgniter->handleRequest(null, Object(Config\Cache), false)
 8 SYSTEMPATH\Boot.php(325): CodeIgniter\CodeIgniter->run()
 9 SYSTEMPATH\Boot.php(67): CodeIgniter\Boot::runCodeIgniter(Object(CodeIgniter\CodeIgniter))
10 FCPATH\index.php(58): CodeIgniter\Boot::bootWeb(Object(Config\Paths))
WARNING - 2026-01-22 08:38:16 --> [DEPRECATED] Creation of dynamic property CodeIgniter\View\View::$gfa_model is deprecated in APPPATH\Views\investor\connection_alert.php on line 2.
 1 SYSTEMPATH\View\View.php(234): include('C:\\xampp\\htdocs\\Communified-frontend\\portal\\app\\Views\\investor\\connection_alert.php')
 2 SYSTEMPATH\View\View.php(237): CodeIgniter\View\View->CodeIgniter\View\{closure}()
 3 SYSTEMPATH\Common.php(1169): CodeIgniter\View\View->render('investor/connection_alert', [], true)
 4 APPPATH\Controllers\Gfa.php(4044): view('investor/connection_alert', [...])
 5 SYSTEMPATH\CodeIgniter.php(933): App\Controllers\Gfa->loadCurrentConnection()
 6 SYSTEMPATH\CodeIgniter.php(509): CodeIgniter\CodeIgniter->runController(Object(App\Controllers\Gfa))
 7 SYSTEMPATH\CodeIgniter.php(355): CodeIgniter\CodeIgniter->handleRequest(null, Object(Config\Cache), false)
 8 SYSTEMPATH\Boot.php(325): CodeIgniter\CodeIgniter->run()
 9 SYSTEMPATH\Boot.php(67): CodeIgniter\Boot::runCodeIgniter(Object(CodeIgniter\CodeIgniter))
10 FCPATH\index.php(58): CodeIgniter\Boot::bootWeb(Object(Config\Paths))
WARNING - 2026-01-22 08:38:16 --> [DEPRECATED] Creation of dynamic property CodeIgniter\View\View::$admin_model is deprecated in APPPATH\Views\investor\connection_alert.php on line 3.
 1 SYSTEMPATH\View\View.php(234): include('C:\\xampp\\htdocs\\Communified-frontend\\portal\\app\\Views\\investor\\connection_alert.php')
 2 SYSTEMPATH\View\View.php(237): CodeIgniter\View\View->CodeIgniter\View\{closure}()
 3 SYSTEMPATH\Common.php(1169): CodeIgniter\View\View->render('investor/connection_alert', [], true)
 4 APPPATH\Controllers\Gfa.php(4044): view('investor/connection_alert', [...])
 5 SYSTEMPATH\CodeIgniter.php(933): App\Controllers\Gfa->loadCurrentConnection()
 6 SYSTEMPATH\CodeIgniter.php(509): CodeIgniter\CodeIgniter->runController(Object(App\Controllers\Gfa))
 7 SYSTEMPATH\CodeIgniter.php(355): CodeIgniter\CodeIgniter->handleRequest(null, Object(Config\Cache), false)
 8 SYSTEMPATH\Boot.php(325): CodeIgniter\CodeIgniter->run()
 9 SYSTEMPATH\Boot.php(67): CodeIgniter\Boot::runCodeIgniter(Object(CodeIgniter\CodeIgniter))
10 FCPATH\index.php(58): CodeIgniter\Boot::bootWeb(Object(Config\Paths))
WARNING - 2026-01-22 08:38:17 --> [DEPRECATED] Creation of dynamic property CodeIgniter\View\View::$gfa_model is deprecated in APPPATH\Views\notify_system\load_old_notify.php on line 2.
 1 SYSTEMPATH\View\View.php(234): include('C:\\xampp\\htdocs\\Communified-frontend\\portal\\app\\Views\\notify_system\\load_old_notify.php')
 2 SYSTEMPATH\View\View.php(237): CodeIgniter\View\View->CodeIgniter\View\{closure}()
 3 SYSTEMPATH\Common.php(1169): CodeIgniter\View\View->render('notify_system/load_old_notify', [], true)
 4 APPPATH\Controllers\Gfa.php(1005): view('notify_system/load_old_notify', [...])
 5 SYSTEMPATH\CodeIgniter.php(933): App\Controllers\Gfa->loadOldNotify()
 6 SYSTEMPATH\CodeIgniter.php(509): CodeIgniter\CodeIgniter->runController(Object(App\Controllers\Gfa))
 7 SYSTEMPATH\CodeIgniter.php(355): CodeIgniter\CodeIgniter->handleRequest(null, Object(Config\Cache), false)
 8 SYSTEMPATH\Boot.php(325): CodeIgniter\CodeIgniter->run()
 9 SYSTEMPATH\Boot.php(67): CodeIgniter\Boot::runCodeIgniter(Object(CodeIgniter\CodeIgniter))
10 FCPATH\index.php(58): CodeIgniter\Boot::bootWeb(Object(Config\Paths))
WARNING - 2026-01-22 08:38:17 --> [DEPRECATED] Creation of dynamic property CodeIgniter\View\View::$admin_model is deprecated in APPPATH\Views\notify_system\load_old_notify.php on line 3.
 1 SYSTEMPATH\View\View.php(234): include('C:\\xampp\\htdocs\\Communified-frontend\\portal\\app\\Views\\notify_system\\load_old_notify.php')
 2 SYSTEMPATH\View\View.php(237): CodeIgniter\View\View->CodeIgniter\View\{closure}()
 3 SYSTEMPATH\Common.php(1169): CodeIgniter\View\View->render('notify_system/load_old_notify', [], true)
 4 APPPATH\Controllers\Gfa.php(1005): view('notify_system/load_old_notify', [...])
 5 SYSTEMPATH\CodeIgniter.php(933): App\Controllers\Gfa->loadOldNotify()
 6 SYSTEMPATH\CodeIgniter.php(509): CodeIgniter\CodeIgniter->runController(Object(App\Controllers\Gfa))
 7 SYSTEMPATH\CodeIgniter.php(355): CodeIgniter\CodeIgniter->handleRequest(null, Object(Config\Cache), false)
 8 SYSTEMPATH\Boot.php(325): CodeIgniter\CodeIgniter->run()
 9 SYSTEMPATH\Boot.php(67): CodeIgniter\Boot::runCodeIgniter(Object(CodeIgniter\CodeIgniter))
10 FCPATH\index.php(58): CodeIgniter\Boot::bootWeb(Object(Config\Paths))
